Component: ARM Compiler 5.06 update 5 (build 528) Tool: armlink [4d35e2]

==============================================================================

Section Cross References

    main.o(i.Start_Task) refers to ax_eeprom.o(i.AX_EEPROM_ReadOneByte) for AX_EEPROM_ReadOneByte
    main.o(i.Start_Task) refers to ax_eeprom.o(i.AX_EEPROM_WriteOneByte) for AX_EEPROM_WriteOneByte
    main.o(i.Start_Task) refers to ax_servo.o(i.AX_SERVO_S1_SetAngle) for AX_SERVO_S1_SetAngle
    main.o(i.Start_Task) refers to ax_servo.o(i.AX_SERVO_S2_SetAngle) for AX_SERVO_S2_SetAngle
    main.o(i.Start_Task) refers to stm32f4xx_gpio.o(i.GPIO_ResetBits) for GPIO_ResetBits
    main.o(i.Start_Task) refers to tasks.o(i.vTaskDelay) for vTaskDelay
    main.o(i.Start_Task) refers to stm32f4xx_gpio.o(i.GPIO_SetBits) for GPIO_SetBits
    main.o(i.Start_Task) refers to ax_mpu6050.o(i.AX_MPU6050_GetGyroData) for AX_MPU6050_GetGyroData
    main.o(i.Start_Task) refers to ax_rgb.o(i.AX_RGB_SetFullColor) for AX_RGB_SetFullColor
    main.o(i.Start_Task) refers to ax_delay.o(i.AX_Delayms) for AX_Delayms
    main.o(i.Start_Task) refers to ax_oled.o(i.AX_OLED_ClearScreen) for AX_OLED_ClearScreen
    main.o(i.Start_Task) refers to ax_oled.o(i.AX_OLED_DispStr) for AX_OLED_DispStr
    main.o(i.Start_Task) refers to port.o(i.vPortEnterCritical) for vPortEnterCritical
    main.o(i.Start_Task) refers to tasks.o(i.xTaskCreate) for xTaskCreate
    main.o(i.Start_Task) refers to tasks.o(i.vTaskDelete) for vTaskDelete
    main.o(i.Start_Task) refers to port.o(i.vPortExitCritical) for vPortExitCritical
    main.o(i.Start_Task) refers to ax_robot.o(.data) for R_Light
    main.o(i.Start_Task) refers to main.o(.data) for Robot_Task_Handle
    main.o(i.Start_Task) refers to ax_robot.o(i.Robot_Task) for Robot_Task
    main.o(i.Start_Task) refers to ax_robot.o(i.Key_Task) for Key_Task
    main.o(i.Start_Task) refers to ax_robot.o(i.Light_Task) for Light_Task
    main.o(i.Start_Task) refers to ax_robot.o(i.Disp_Task) for Disp_Task
    main.o(i.Start_Task) refers to ax_robot.o(i.Trivia_Task) for Trivia_Task
    main.o(i.main) refers to misc.o(i.NVIC_PriorityGroupConfig) for NVIC_PriorityGroupConfig
    main.o(i.main) refers to ax_servo.o(i.AX_SERVO_S1_Init) for AX_SERVO_S1_Init
    main.o(i.main) refers to ax_servo.o(i.AX_SERVO_S2_Init) for AX_SERVO_S2_Init
    main.o(i.main) refers to ax_motor.o(i.AX_MOTOR_AB_Init) for AX_MOTOR_AB_Init
    main.o(i.main) refers to ax_motor.o(i.AX_MOTOR_CD_Init) for AX_MOTOR_CD_Init
    main.o(i.main) refers to ax_delay.o(i.AX_DELAY_Init) for AX_DELAY_Init
    main.o(i.main) refers to ax_led.o(i.AX_LED_Init) for AX_LED_Init
    main.o(i.main) refers to ax_key.o(i.AX_KEY_Init) for AX_KEY_Init
    main.o(i.main) refers to ax_vin.o(i.AX_VIN_Init) for AX_VIN_Init
    main.o(i.main) refers to ax_beep.o(i.AX_BEEP_Init) for AX_BEEP_Init
    main.o(i.main) refers to ax_eeprom.o(i.AX_EEPROM_Init) for AX_EEPROM_Init
    main.o(i.main) refers to ax_uart1.o(i.AX_UART1_Init) for AX_UART1_Init
    main.o(i.main) refers to ax_uart2.o(i.AX_UART2_Init) for AX_UART2_Init
    main.o(i.main) refers to ax_uart3.o(i.AX_UART3_Init) for AX_UART3_Init
    main.o(i.main) refers to ax_uart4.o(i.AX_UART4_Init) for AX_UART4_Init
    main.o(i.main) refers to ax_sbus.o(i.AX_SBUS_Init) for AX_SBUS_Init
    main.o(i.main) refers to ax_can.o(i.AX_CAN_Init) for AX_CAN_Init
    main.o(i.main) refers to ax_ps2.o(i.AX_PS2_Init) for AX_PS2_Init
    main.o(i.main) refers to ax_encoder.o(i.AX_ENCODER_A_Init) for AX_ENCODER_A_Init
    main.o(i.main) refers to ax_encoder.o(i.AX_ENCODER_B_Init) for AX_ENCODER_B_Init
    main.o(i.main) refers to ax_encoder.o(i.AX_ENCODER_C_Init) for AX_ENCODER_C_Init
    main.o(i.main) refers to ax_encoder.o(i.AX_ENCODER_D_Init) for AX_ENCODER_D_Init
    main.o(i.main) refers to ax_rgb.o(i.AX_RGB_Init) for AX_RGB_Init
    main.o(i.main) refers to ax_rgb.o(i.AX_RGB_SetFullColor) for AX_RGB_SetFullColor
    main.o(i.main) refers to ax_oled.o(i.AX_OLED_Init) for AX_OLED_Init
    main.o(i.main) refers to ax_oled.o(i.AX_OLED_DispPicture) for AX_OLED_DispPicture
    main.o(i.main) refers to stm32f4xx_gpio.o(i.GPIO_SetBits) for GPIO_SetBits
    main.o(i.main) refers to ax_delay.o(i.AX_Delayms) for AX_Delayms
    main.o(i.main) refers to stm32f4xx_gpio.o(i.GPIO_ResetBits) for GPIO_ResetBits
    main.o(i.main) refers to ax_mpu6050.o(i.AX_MPU6050_Init) for AX_MPU6050_Init
    main.o(i.main) refers to ax_mpu6050.o(i.AX_MPU6050_SetAccRange) for AX_MPU6050_SetAccRange
    main.o(i.main) refers to ax_mpu6050.o(i.AX_MPU6050_SetGyroRange) for AX_MPU6050_SetGyroRange
    main.o(i.main) refers to ax_mpu6050.o(i.AX_MPU6050_SetGyroSmplRate) for AX_MPU6050_SetGyroSmplRate
    main.o(i.main) refers to ax_mpu6050.o(i.AX_MPU6050_SetDLPF) for AX_MPU6050_SetDLPF
    main.o(i.main) refers to ax_mpu6050.o(i.DMP_Init) for DMP_Init
    main.o(i.main) refers to tasks.o(i.xTaskCreate) for xTaskCreate
[...]
    __aeabi_d2ulz                            0x0800096f   Thumb Code    48  dfixul.o(.text)
    __aeabi_cdrcmple                         0x080009a1   Thumb Code    48  cdrcmple.o(.text)
    __scatterload                            0x080009d1   Thumb Code    28  init.o(.text)
    __scatterload_rt2                        0x080009d1   Thumb Code     0  init.o(.text)
    _dsqrt                                   0x080009f5   Thumb Code   162  dsqrt.o(.text)
    __decompress                             0x08000a97   Thumb Code     0  __dczerorl2.o(.text)
    __decompress1                            0x08000a97   Thumb Code    86  __dczerorl2.o(.text)
    ADC_Cmd                                  0x08000aed   Thumb Code    22  stm32f4xx_adc.o(i.ADC_Cmd)
    ADC_CommonInit                           0x08000b05   Thumb Code    34  stm32f4xx_adc.o(i.ADC_CommonInit)
    ADC_GetConversionValue                   0x08000b35   Thumb Code     8  stm32f4xx_adc.o(i.ADC_GetConversionValue)
    ADC_GetFlagStatus                        0x08000b3d   Thumb Code    18  stm32f4xx_adc.o(i.ADC_GetFlagStatus)
    ADC_Init                                 0x08000b51   Thumb Code    74  stm32f4xx_adc.o(i.ADC_Init)
    ADC_RegularChannelConfig                 0x08000ba5   Thumb Code   184  stm32f4xx_adc.o(i.ADC_RegularChannelConfig)
    ADC_SoftwareStartConv                    0x08000c5d   Thumb Code    10  stm32f4xx_adc.o(i.ADC_SoftwareStartConv)
    AX_BEEP_Init                             0x08000c69   Thumb Code    56  ax_beep.o(i.AX_BEEP_Init)
    AX_CAN_Init                              0x08000ca5   Thumb Code   230  ax_can.o(i.AX_CAN_Init)
    AX_CTL_App                               0x08000d95   Thumb Code   232  ax_control.o(i.AX_CTL_App)
    AX_CTL_Ps2                               0x08000e8d   Thumb Code   258  ax_control.o(i.AX_CTL_Ps2)
    AX_CTL_RemoteSbus                        0x08000fb1   Thumb Code   234  ax_control.o(i.AX_CTL_RemoteSbus)
    AX_DELAY_Init                            0x080010b5   Thumb Code    68  ax_delay.o(i.AX_DELAY_Init)
    AX_Delayms                               0x08001105   Thumb Code    18  ax_delay.o(i.AX_Delayms)
    AX_Delayus                               0x08001119   Thumb Code    68  ax_delay.o(i.AX_Delayus)
    AX_EEPROM_Init                           0x08001161   Thumb Code    78  ax_eeprom.o(i.AX_EEPROM_Init)
    AX_EEPROM_ReadOneByte                    0x080011bd   Thumb Code    82  ax_eeprom.o(i.AX_EEPROM_ReadOneByte)
    AX_EEPROM_WriteOneByte                   0x0800120f   Thumb Code    76  ax_eeprom.o(i.AX_EEPROM_WriteOneByte)
    AX_ENCODER_A_GetCounter                  0x0800125b   Thumb Code    10  ax_encoder.o(i.AX_ENCODER_A_GetCounter)
    AX_ENCODER_A_Init                        0x08001265   Thumb Code   200  ax_encoder.o(i.AX_ENCODER_A_Init)
    AX_ENCODER_A_SetCounter                  0x08001335   Thumb Code     8  ax_encoder.o(i.AX_ENCODER_A_SetCounter)
    AX_ENCODER_B_GetCounter                  0x0800133d   Thumb Code     8  ax_encoder.o(i.AX_ENCODER_B_GetCounter)
    AX_ENCODER_B_Init                        0x08001349   Thumb Code   170  ax_encoder.o(i.AX_ENCODER_B_Init)
    AX_ENCODER_B_SetCounter                  0x080013fd   Thumb Code     6  ax_encoder.o(i.AX_ENCODER_B_SetCounter)
    AX_ENCODER_C_Init                        0x08001409   Thumb Code   170  ax_encoder.o(i.AX_ENCODER_C_Init)
    AX_ENCODER_D_Init                        0x080014bd   Thumb Code   172  ax_encoder.o(i.AX_ENCODER_D_Init)
    AX_KEY_Init                              0x08001571   Thumb Code    50  ax_key.o(i.AX_KEY_Init)
    AX_KEY_Scan                              0x080015a9   Thumb Code    14  ax_key.o(i.AX_KEY_Scan)
    AX_LED_Init                              0x080015bd   Thumb Code    76  ax_led.o(i.AX_LED_Init)
    AX_LIGHT_Show                            0x0800160d   Thumb Code    92  ax_light.o(i.AX_LIGHT_Show)
    AX_MOTOR_AB_Init                         0x0800166d   Thumb Code   240  ax_motor.o(i.AX_MOTOR_AB_Init)
    AX_MOTOR_A_SetSpeed                      0x08001765   Thumb Code    76  ax_motor.o(i.AX_MOTOR_A_SetSpeed)
    AX_MOTOR_B_SetSpeed                      0x080017b9   Thumb Code    76  ax_motor.o(i.AX_MOTOR_B_SetSpeed)
    AX_MOTOR_CD_Init                         0x0800180d   Thumb Code   348  ax_motor.o(i.AX_MOTOR_CD_Init)
    AX_MOTOR_C_SetSpeed                      0x08001979   Thumb Code    76  ax_motor.o(i.AX_MOTOR_C_SetSpeed)
    AX_MOTOR_D_SetSpeed                      0x080019cd   Thumb Code    76  ax_motor.o(i.AX_MOTOR_D_SetSpeed)
    AX_MPU6050_GetAccData                    0x08001a21   Thumb Code    64  ax_mpu6050.o(i.AX_MPU6050_GetAccData)
    AX_MPU6050_GetGyroData                   0x08001a61   Thumb Code    64  ax_mpu6050.o(i.AX_MPU6050_GetGyroData)
    AX_MPU6050_Init                          0x08001aa1   Thumb Code   148  ax_mpu6050.o(i.AX_MPU6050_Init)
    AX_MPU6050_SetAccRange                   0x08001b45   Thumb Code    16  ax_mpu6050.o(i.AX_MPU6050_SetAccRange)
    AX_MPU6050_SetDLPF                       0x08001b55   Thumb Code    14  ax_mpu6050.o(i.AX_MPU6050_SetDLPF)
    AX_MPU6050_SetGyroRange                  0x08001b63   Thumb Code    16  ax_mpu6050.o(i.AX_MPU6050_SetGyroRange)
    AX_MPU6050_SetGyroSmplRate               0x08001b73   Thumb Code    42  ax_mpu6050.o(i.AX_MPU6050_SetGyroSmplRate)
    AX_OLED_ClearScreen                      0x08001b9d   Thumb Code    56  ax_oled.o(i.AX_OLED_ClearScreen)
    AX_OLED_DispChar                         0x08001bd5   Thumb Code   122  ax_oled.o(i.AX_OLED_DispChar)
    AX_OLED_DispNum                          0x08001c55   Thumb Code    36  ax_oled.o(i.AX_OLED_DispNum)
    AX_OLED_DispPicture                      0x08001c79   Thumb Code   148  ax_oled.o(i.AX_OLED_DispPicture)
    AX_OLED_DispStr                          0x08001d0d   Thumb Code    64  ax_oled.o(i.AX_OLED_DispStr)
    AX_OLED_DispValue                        0x08001d4d   Thumb Code   484  ax_oled.o(i.AX_OLED_DispValue)
    AX_OLED_Init                             0x08001f45   Thumb Code   400  ax_oled.o(i.AX_OLED_Init)
    AX_PS2_Init                              0x080020dd   Thumb Code   162  ax_ps2.o(i.AX_PS2_Init)
    AX_RGB_Init                              0x08002189   Thumb Code   236  ax_rgb.o(i.AX_RGB_Init)
    AX_RGB_SetFullColor                      0x08002285   Thumb Code   148  ax_rgb.o(i.AX_RGB_SetFullColor)
    AX_RGB_SetPixelColor                     0x0800231d   Thumb Code   150  ax_rgb.o(i.AX_RGB_SetPixelColor)
    AX_RGB_SetPixelColor1                    0x080023b9   Thumb Code   150  ax_rgb.o(i.AX_RGB_SetPixelColor1)
    AX_ROBOT_Kinematics                      0x08002455   Thumb Code   416  ax_kinematics.o(i.AX_ROBOT_Kinematics)
    AX_ROBOT_Stop                            0x08002631   Thumb Code    28  ax_kinematics.o(i.AX_ROBOT_Stop)
    AX_SBUS_GetRxData                        0x0800264d   Thumb Code   194  ax_sbus.o(i.AX_SBUS_GetRxData)
    AX_SBUS_Init                             0x08002719   Thumb Code   170  ax_sbus.o(i.AX_SBUS_Init)
    AX_SERVO_S1_Init                         0x080027d1   Thumb Code   160  ax_servo.o(i.AX_SERVO_S1_Init)
    AX_SERVO_S1_SetAngle                     0x08002879   Thumb Code    58  ax_servo.o(i.AX_SERVO_S1_SetAngle)
    AX_SERVO_S2_Init                         0x080028c5   Thumb Code   160  ax_servo.o(i.AX_SERVO_S2_Init)
    AX_SERVO_S2_SetAngle                     0x0800296d   Thumb Code    58  ax_servo.o(i.AX_SERVO_S2_SetAngle)
    AX_UART1_Init                            0x080029b9   Thumb Code   170  ax_uart1.o(i.AX_UART1_Init)
    AX_UART2_Init                            0x08002a6d   Thumb Code   160  ax_uart2.o(i.AX_UART2_Init)
    AX_UART3_Init                            0x08002b15   Thumb Code   162  ax_uart3.o(i.AX_UART3_Init)
    AX_UART4_GetData                         0x08002bc1   Thumb Code    52  ax_uart4.o(i.AX_UART4_GetData)
    AX_UART4_Init                            0x08002bfd   Thumb Code   162  ax_uart4.o(i.AX_UART4_Init)
    AX_VIN_GetVol_X100                       0x08002ca9   Thumb Code    90  ax_vin.o(i.AX_VIN_GetVol_X100)
    AX_VIN_Init                              0x08002d19   Thumb Code   136  ax_vin.o(i.AX_VIN_Init)
    BusFault_Handler                         0x08002da9   Thumb Code     4  stm32f4xx_it.o(i.BusFault_Handler)
    CAN1_RX0_IRQHandler                      0x08002dad   Thumb Code    82  ax_can.o(i.CAN1_RX0_IRQHandler)
    CAN_FilterInit                           0x08002e11   Thumb Code   258  stm32f4xx_can.o(i.CAN_FilterInit)
    CAN_ITConfig                             0x08002f19   Thumb Code    18  stm32f4xx_can.o(i.CAN_ITConfig)
    CAN_Init                                 0x08002f2b   Thumb Code   276  stm32f4xx_can.o(i.CAN_Init)
    CAN_Receive                              0x0800303f   Thumb Code   240  stm32f4xx_can.o(i.CAN_Receive)
    DMA_ClearFlag                            0x08003131   Thumb Code    38  stm32f4xx_dma.o(i.DMA_ClearFlag)
    DMA_Cmd                                  0x08003165   Thumb Code    22  stm32f4xx_dma.o(i.DMA_Cmd)
    DMA_DeInit                               0x0800317d   Thumb Code   324  stm32f4xx_dma.o(i.DMA_DeInit)
    DMA_GetCmdStatus                         0x080032d5   Thumb Code    20  stm32f4xx_dma.o(i.DMA_GetCmdStatus)
    DMA_GetFlagStatus                        0x080032e9   Thumb Code    54  stm32f4xx_dma.o(i.DMA_GetFlagStatus)
    DMA_Init                                 0x0800332d   Thumb Code    82  stm32f4xx_dma.o(i.DMA_Init)
    DMA_SetCurrDataCounter                   0x08003385   Thumb Code     4  stm32f4xx_dma.o(i.DMA_SetCurrDataCounter)
    DMP_Init                                 0x08003389   Thumb Code    84  ax_mpu6050.o(i.DMP_Init)
    DebugMon_Handler                         0x080033e1   Thumb Code     2  stm32f4xx_it.o(i.DebugMon_Handler)
    Disp_Task                                0x080033e5   Thumb Code   422  ax_robot.o(i.Disp_Task)
    GPIO_Init                                0x080035c9   Thumb Code   144  stm32f4xx_gpio.o(i.GPIO_Init)
    GPIO_PinAFConfig                         0x08003659   Thumb Code    70  stm32f4xx_gpio.o(i.GPIO_PinAFConfig)
    GPIO_ReadInputDataBit                    0x0800369f   Thumb Code    18  stm32f4xx_gpio.o(i.GPIO_ReadInputDataBit)
    GPIO_ResetBits                           0x080036b1   Thumb Code     4  stm32f4xx_gpio.o(i.GPIO_ResetBits)
    GPIO_SetBits                             0x080036b5   Thumb Code     4  stm32f4xx_gpio.o(i.GPIO_SetBits)
    GPIO_WriteBit                            0x080036b9   Thumb Code    10  stm32f4xx_gpio.o(i.GPIO_WriteBit)
    Gesture                                  0x080036c5   Thumb Code    72  ax_speed.o(i.Gesture)
    HardFault_Handler                        0x08003721   Thumb Code     4  stm32f4xx_it.o(i.HardFault_Handler)
    IIC_Ack                                  0x08003725   Thumb Code    64  ax_mpu6050.o(i.IIC_Ack)
    IIC_NAck                                 0x080037b5   Thumb Code    62  ax_mpu6050.o(i.IIC_NAck)
    IIC_Read                                 0x08003835   Thumb Code   118  ax_mpu6050.o(i.IIC_Read)
    IIC_Read_Byte                            0x080038ad   Thumb Code    94  ax_mpu6050.o(i.IIC_Read_Byte)
    IIC_Send_Byte                            0x0800396d   Thumb Code    88  ax_mpu6050.o(i.IIC_Send_Byte)
    IIC_Start                                0x08003a19   Thumb Code    92  ax_mpu6050.o(i.IIC_Start)
    IIC_Stop                                 0x08003ab9   Thumb Code    60  ax_mpu6050.o(i.IIC_Stop)
    IIC_Wait_Ack                             0x08003b35   Thumb Code    88  ax_mpu6050.o(i.IIC_Wait_Ack)
    IIC_Write                                0x08003bed   Thumb Code    96  ax_mpu6050.o(i.IIC_Write)
    Key_Task                                 0x08003c4d   Thumb Code   282  ax_robot.o(i.Key_Task)
    Light_Effect1                            0x08003dad   Thumb Code    16  ax_light.o(i.Light_Effect1)
    Light_Effect2                            0x08003dc1   Thumb Code   228  ax_light.o(i.Light_Effect2)
    Light_Effect3                            0x08003ead   Thumb Code    10  ax_light.o(i.Light_Effect3)
    Light_Effect4                            0x08003ebd   Thumb Code   164  ax_light.o(i.Light_Effect4)
    Light_Effect5                            0x08003f6d   Thumb Code    90  ax_light.o(i.Light_Effect5)
    Light_Effect6                            0x08003fd1   Thumb Code   272  ax_light.o(i.Light_Effect6)
    Light_Task                               0x080040ed   Thumb Code    32  ax_robot.o(i.Light_Task)
    MemManage_Handler                        0x08004139   Thumb Code     4  stm32f4xx_it.o(i.MemManage_Handler)
    NMI_Handler                              0x0800413d   Thumb Code     2  stm32f4xx_it.o(i.NMI_Handler)
    NVIC_Init                                0x08004141   Thumb Code   106  misc.o(i.NVIC_Init)
    NVIC_PriorityGroupConfig                 0x080041b9   Thumb Code    10  misc.o(i.NVIC_PriorityGroupConfig)
    RCC_AHB1PeriphClockCmd                   0x08004221   Thumb Code    26  stm32f4xx_rcc.o(i.RCC_AHB1PeriphClockCmd)
    RCC_APB1PeriphClockCmd                   0x08004241   Thumb Code    26  stm32f4xx_rcc.o(i.RCC_APB1PeriphClockCmd)
    RCC_APB1PeriphResetCmd                   0x08004261   Thumb Code    26  stm32f4xx_rcc.o(i.RCC_APB1PeriphResetCmd)
    RCC_APB2PeriphClockCmd                   0x08004281   Thumb Code    26  stm32f4xx_rcc.o(i.RCC_APB2PeriphClockCmd)
    RCC_APB2PeriphResetCmd                   0x080042a1   Thumb Code    26  stm32f4xx_rcc.o(i.RCC_APB2PeriphResetCmd)
    RCC_GetClocksFreq                        0x080042c1   Thumb Code   214  stm32f4xx_rcc.o(i.RCC_GetClocksFreq)
    RGB_Update                               0x080043a9   Thumb Code    50  ax_rgb.o(i.RGB_Update)
    ROBOT_IMUHandle                          0x080043e5   Thumb Code   112  ax_robot.o(i.ROBOT_IMUHandle)
    Robot_Task                               0x08004465   Thumb Code   100  ax_robot.o(i.Robot_Task)
    SPI_CalculateCRC                         0x08004519   Thumb Code    24  stm32f4xx_spi.o(i.SPI_CalculateCRC)
    SPI_Cmd                                  0x08004531   Thumb Code    24  stm32f4xx_spi.o(i.SPI_Cmd)
    SPI_I2S_DMACmd                           0x08004549   Thumb Code    18  stm32f4xx_spi.o(i.SPI_I2S_DMACmd)
    SPI_I2S_GetFlagStatus                    0x0800455b   Thumb Code    18  stm32f4xx_spi.o(i.SPI_I2S_GetFlagStatus)
    SPI_I2S_ReceiveData                      0x0800456d   Thumb Code     6  stm32f4xx_spi.o(i.SPI_I2S_ReceiveData)
    SPI_I2S_SendData                         0x08004573   Thumb Code     4  stm32f4xx_spi.o(i.SPI_I2S_SendData)
    SPI_Init                                 0x08004577   Thumb Code    60  stm32f4xx_spi.o(i.SPI_Init)
    Speed                                    0x080046a1   Thumb Code   222  ax_speed.o(i.Speed)
    Start_Task                               0x080047ad   Thumb Code   740  main.o(i.Start_Task)
    SysTick_CLKSourceConfig                  0x08004ba9   Thumb Code    40  misc.o(i.SysTick_CLKSourceConfig)
    SysTick_Handler                          0x08004bd1   Thumb Code    16  stm32f4xx_it.o(i.SysTick_Handler)
    SystemInit                               0x08004be1   Thumb Code    88  system_stm32f4xx.o(i.SystemInit)
    TIM_ARRPreloadConfig                     0x08004d6b   Thumb Code    24  stm32f4xx_tim.o(i.TIM_ARRPreloadConfig)
    TIM_Cmd                                  0x08004d83   Thumb Code    24  stm32f4xx_tim.o(i.TIM_Cmd)
    TIM_CtrlPWMOutputs                       0x08004d9b   Thumb Code    30  stm32f4xx_tim.o(i.TIM_CtrlPWMOutputs)
    TIM_DeInit                               0x08004db9   Thumb Code   346  stm32f4xx_tim.o(i.TIM_DeInit)
    TIM_EncoderInterfaceConfig               0x08004f49   Thumb Code    66  stm32f4xx_tim.o(i.TIM_EncoderInterfaceConfig)
    TIM_ICInit                               0x08004f8b   Thumb Code   110  stm32f4xx_tim.o(i.TIM_ICInit)
    TIM_ICStructInit                         0x08004ff9   Thumb Code    18  stm32f4xx_tim.o(i.TIM_ICStructInit)
    TIM_OC1Init                              0x0800500d   Thumb Code   114  stm32f4xx_tim.o(i.TIM_OC1Init)
    TIM_OC1PreloadConfig                     0x08005089   Thumb Code    18  stm32f4xx_tim.o(i.TIM_OC1PreloadConfig)
    TIM_OC2Init                              0x0800509d   Thumb Code   154  stm32f4xx_tim.o(i.TIM_OC2Init)
    TIM_OC2PreloadConfig                     0x08005141   Thumb Code    26  stm32f4xx_tim.o(i.TIM_OC2PreloadConfig)
    TIM_OC3Init                              0x0800515d   Thumb Code   150  stm32f4xx_tim.o(i.TIM_OC3Init)
    TIM_OC3PreloadConfig                     0x080051fd   Thumb Code    18  stm32f4xx_tim.o(i.TIM_OC3PreloadConfig)
    TIM_OC4Init                              0x08005211   Thumb Code   112  stm32f4xx_tim.o(i.TIM_OC4Init)
    TIM_OC4PreloadConfig                     0x08005289   Thumb Code    26  stm32f4xx_tim.o(i.TIM_OC4PreloadConfig)
    TIM_SetCompare1                          0x080052a3   Thumb Code     4  stm32f4xx_tim.o(i.TIM_SetCompare1)
    TIM_SetCompare2                          0x080052a7   Thumb Code     4  stm32f4xx_tim.o(i.TIM_SetCompare2)
    TIM_SetCompare3                          0x080052ab   Thumb Code     4  stm32f4xx_tim.o(i.TIM_SetCompare3)
    TIM_SetCompare4                          0x080052af   Thumb Code     4  stm32f4xx_tim.o(i.TIM_SetCompare4)
    TIM_SetIC1Prescaler                      0x080052b3   Thumb Code    18  stm32f4xx_tim.o(i.TIM_SetIC1Prescaler)
    TIM_SetIC2Prescaler                      0x080052c5   Thumb Code    26  stm32f4xx_tim.o(i.TIM_SetIC2Prescaler)
    TIM_SetIC3Prescaler                      0x080052df   Thumb Code    18  stm32f4xx_tim.o(i.TIM_SetIC3Prescaler)
    TIM_SetIC4Prescaler                      0x080052f1   Thumb Code    26  stm32f4xx_tim.o(i.TIM_SetIC4Prescaler)
    TIM_TimeBaseInit                         0x0800530d   Thumb Code   104  stm32f4xx_tim.o(i.TIM_TimeBaseInit)
    TIM_TimeBaseStructInit                   0x08005391   Thumb Code    18  stm32f4xx_tim.o(i.TIM_TimeBaseStructInit)
    Trivia_Task                              0x080053a5   Thumb Code   684  ax_robot.o(i.Trivia_Task)
    UART4_IRQHandler                         0x080056b1   Thumb Code   210  ax_uart4.o(i.UART4_IRQHandler)
    UART5_IRQHandler                         0x080057a1   Thumb Code   200  ax_sbus.o(i.UART5_IRQHandler)
    USART1_IRQHandler                        0x08005885   Thumb Code   182  ax_uart1.o(i.USART1_IRQHandler)
    USART2_IRQHandler                        0x08005951   Thumb Code   390  ax_uart2.o(i.USART2_IRQHandler)
    USART3_IRQHandler                        0x08005b05   Thumb Code   390  ax_uart3.o(i.USART3_IRQHandler)
    USART_ClearFlag                          0x08005cb9   Thumb Code    18  stm32f4xx_usart.o(i.USART_ClearFlag)
    USART_Cmd                                0x08005ccb   Thumb Code    24  stm32f4xx_usart.o(i.USART_Cmd)
    USART_GetFlagStatus                      0x08005ce3   Thumb Code    26  stm32f4xx_usart.o(i.USART_GetFlagStatus)
    USART_GetITStatus                        0x08005cfd   Thumb Code    84  stm32f4xx_usart.o(i.USART_GetITStatus)
    USART_ITConfig                           0x08005d51   Thumb Code    74  stm32f4xx_usart.o(i.USART_ITConfig)
    USART_Init                               0x08005d9d   Thumb Code   204  stm32f4xx_usart.o(i.USART_Init)
    USART_ReceiveData                        0x08005e71   Thumb Code    10  stm32f4xx_usart.o(i.USART_ReceiveData)
    USART_SendData                           0x08005e7b   Thumb Code     8  stm32f4xx_usart.o(i.USART_SendData)
    UsageFault_Handler                       0x08005e83   Thumb Code     4  stm32f4xx_it.o(i.UsageFault_Handler)
    __0printf                                0x08005e89   Thumb Code    22  printfa.o(i.__0printf)
    __1printf                                0x08005e89   Thumb Code     0  printfa.o(i.__0printf)
    __2printf                                0x08005e89   Thumb Code     0  printfa.o(i.__0printf)
    __c89printf                              0x08005e89   Thumb Code     0  printfa.o(i.__0printf)
    printf                                   0x08005e89   Thumb Code     0  printfa.o(i.__0printf)
    __ARM_fpclassify                         0x08005ea9   Thumb Code    48  fpclassify.o(i.__ARM_fpclassify)
    __hardfp_asin                            0x08005ed9   Thumb Code   770  asin.o(i.__hardfp_asin)
    __hardfp_atan                            0x08006239   Thumb Code   622  atan.o(i.__hardfp_atan)
    __hardfp_atan2                           0x08006511   Thumb Code   432  atan2.o(i.__hardfp_atan2)
    __kernel_poly                            0x08006701   Thumb Code   248  poly.o(i.__kernel_poly)
    __mathlib_dbl_infnan                     0x080067f9   Thumb Code    20  dunder.o(i.__mathlib_dbl_infnan)
    __mathlib_dbl_infnan2                    0x0800680d   Thumb Code    20  dunder.o(i.__mathlib_dbl_infnan2)
    __mathlib_dbl_invalid                    0x08006821   Thumb Code    24  dunder.o(i.__mathlib_dbl_invalid)
    __mathlib_dbl_underflow                  0x08006841   Thumb Code    24  dunder.o(i.__mathlib_dbl_underflow)
    __scatterload_copy                       0x08006861   Thumb Code    14  handlers.o(i.__scatterload_copy)
    __scatterload_null                       0x0800686f   Thumb Code     2  handlers.o(i.__scatterload_null)
    __scatterload_zeroinit                   0x08006871   Thumb Code    14  handlers.o(i.__scatterload_zeroinit)
    __set_errno                              0x08006881   Thumb Code     6  errno.o(i.__set_errno)
    atan                                     0x08007201   Thumb Code    16  atan.o(i.atan)
    dmp_enable_6x_lp_quat                    0x08007275   Thumb Code    60  inv_mpu_dmp_motion_driver.o(i.dmp_enable_6x_lp_quat)
    dmp_enable_feature                       0x080072b1   Thumb Code   530  inv_mpu_dmp_motion_driver.o(i.dmp_enable_feature)
    dmp_enable_gyro_cal                      0x080074cd   Thumb Code    62  inv_mpu_dmp_motion_driver.o(i.dmp_enable_gyro_cal)
    dmp_enable_lp_quat                       0x08007525   Thumb Code    60  inv_mpu_dmp_motion_driver.o(i.dmp_enable_lp_quat)
    dmp_load_motion_driver_firmware          0x08007561   Thumb Code    20  inv_mpu_dmp_motion_driver.o(i.dmp_load_motion_driver_firmware)
    dmp_read_fifo                            0x08007579   Thumb Code   456  inv_mpu_dmp_motion_driver.o(i.dmp_read_fifo)
    dmp_set_accel_bias                       0x08007745   Thumb Code   300  inv_mpu_dmp_motion_driver.o(i.dmp_set_accel_bias)
    dmp_set_fifo_rate                        0x08007875   Thumb Code    96  inv_mpu_dmp_motion_driver.o(i.dmp_set_fifo_rate)
    dmp_set_gyro_bias                        0x080078e5   Thumb Code   294  inv_mpu_dmp_motion_driver.o(i.dmp_set_gyro_bias)
    dmp_set_orientation                      0x08007a15   Thumb Code   290  inv_mpu_dmp_motion_driver.o(i.dmp_set_orientation)
    dmp_set_shake_reject_thresh              0x08007b4d   Thumb Code    56  inv_mpu_dmp_motion_driver.o(i.dmp_set_shake_reject_thresh)
    dmp_set_shake_reject_time                0x08007b85   Thumb Code    38  inv_mpu_dmp_motion_driver.o(i.dmp_set_shake_reject_time)
    dmp_set_shake_reject_timeout             0x08007bab   Thumb Code    38  inv_mpu_dmp_motion_driver.o(i.dmp_set_shake_reject_timeout)
    dmp_set_tap_axes                         0x08007bd1   Thumb Code    70  inv_mpu_dmp_motion_driver.o(i.dmp_set_tap_axes)
    dmp_set_tap_count                        0x08007c17   Thumb Code    38  inv_mpu_dmp_motion_driver.o(i.dmp_set_tap_count)
    dmp_set_tap_thresh                       0x08007c3d   Thumb Code   412  inv_mpu_dmp_motion_driver.o(i.dmp_set_tap_thresh)
    dmp_set_tap_time                         0x08007dfd   Thumb Code    38  inv_mpu_dmp_motion_driver.o(i.dmp_set_tap_time)
    dmp_set_tap_time_multi                   0x08007e23   Thumb Code    38  inv_mpu_dmp_motion_driver.o(i.dmp_set_tap_time_multi)
    fabs                                     0x08007e49   Thumb Code    24  fabs.o(i.fabs)
    fputc                                    0x08007e61   Thumb Code    32  ax_uart1.o(i.fputc)
    main                                     0x08008559   Thumb Code   236  main.o(i.main)
    mpu_configure_fifo                       0x08008661   Thumb Code   106  inv_mpu.o(i.mpu_configure_fifo)
    mpu_dmp_get_data                         0x080086d1   Thumb Code   520  ax_mpu6050.o(i.mpu_dmp_get_data)
    mpu_get_accel_fsr                        0x080088e9   Thumb Code    72  inv_mpu.o(i.mpu_get_accel_fsr)
    mpu_get_accel_sens                       0x08008935   Thumb Code    78  inv_mpu.o(i.mpu_get_accel_sens)
    mpu_get_fifo_config                      0x08008989   Thumb Code    12  inv_mpu.o(i.mpu_get_fifo_config)
    mpu_get_gyro_fsr                         0x08008999   Thumb Code    64  inv_mpu.o(i.mpu_get_gyro_fsr)
    mpu_get_gyro_sens                        0x080089dd   Thumb Code    74  inv_mpu.o(i.mpu_get_gyro_sens)
    mpu_get_lpf                              0x08008a3d   Thumb Code    74  inv_mpu.o(i.mpu_get_lpf)
    mpu_get_sample_rate                      0x08008a8d   Thumb Code    26  inv_mpu.o(i.mpu_get_sample_rate)
    mpu_init                                 0x08008aad   Thumb Code   396  inv_mpu.o(i.mpu_init)
    mpu_load_firmware                        0x08008c3d   Thumb Code   180  inv_mpu.o(i.mpu_load_firmware)
    mpu_lp_accel_mode                        0x08008cf5   Thumb Code   218  inv_mpu.o(i.mpu_lp_accel_mode)
    mpu_read_fifo_stream                     0x08008dd5   Thumb Code   186  inv_mpu.o(i.mpu_read_fifo_stream)
    mpu_read_mem                             0x08008e95   Thumb Code   122  inv_mpu.o(i.mpu_read_mem)
    mpu_reset_fifo                           0x08008f15   Thumb Code   438  inv_mpu.o(i.mpu_reset_fifo)
    mpu_run_self_test                        0x080090d1   Thumb Code   278  inv_mpu.o(i.mpu_run_self_test)
    mpu_set_accel_fsr                        0x080091ed   Thumb Code   126  inv_mpu.o(i.mpu_set_accel_fsr)
    mpu_set_bypass                           0x08009271   Thumb Code   328  inv_mpu.o(i.mpu_set_bypass)
    mpu_set_dmp_state                        0x080093bd   Thumb Code   138  inv_mpu.o(i.mpu_set_dmp_state)
    mpu_set_gyro_fsr                         0x0800944d   Thumb Code   132  inv_mpu.o(i.mpu_set_gyro_fsr)
    mpu_set_int_latched                      0x080094d5   Thumb Code   102  inv_mpu.o(i.mpu_set_int_latched)
    mpu_set_lpf                              0x08009541   Thumb Code   126  inv_mpu.o(i.mpu_set_lpf)
    mpu_set_sample_rate                      0x080095c5   Thumb Code   152  inv_mpu.o(i.mpu_set_sample_rate)
    mpu_set_sensors                          0x08009661   Thumb Code   202  inv_mpu.o(i.mpu_set_sensors)
    mpu_write_mem                            0x08009731   Thumb Code   122  inv_mpu.o(i.mpu_write_mem)
    myget_ms                                 0x080097b1   Thumb Code     2  inv_mpu.o(i.myget_ms)
    pvPortMalloc                             0x0800a191   Thumb Code   296  heap_4.o(i.pvPortMalloc)
    pvTaskIncrementMutexHeldCount            0x0800a2cd   Thumb Code    26  tasks.o(i.pvTaskIncrementMutexHeldCount)
    pxPortInitialiseStack                    0x0800a2ed   Thumb Code    38  port.o(i.pxPortInitialiseStack)
    sqrt                                     0x0800a441   Thumb Code   110  sqrt.o(i.sqrt)
    uxListRemove                             0x0800a4af   Thumb Code    40  list.o(i.uxListRemove)
    vListInitialise                          0x0800a4d7   Thumb Code    26  list.o(i.vListInitialise)
    vListInitialiseItem                      0x0800a4f1   Thumb Code     6  list.o(i.vListInitialiseItem)
    vListInsert                              0x0800a4f7   Thumb Code    52  list.o(i.vListInsert)
    vListInsertEnd                           0x0800a52b   Thumb Code    24  list.o(i.vListInsertEnd)
    vPortEnterCritical                       0x0800a545   Thumb Code    76  port.o(i.vPortEnterCritical)
    vPortExitCritical                        0x0800a599   Thumb Code    56  port.o(i.vPortExitCritical)
    vPortFree                                0x0800a5d5   Thumb Code   140  heap_4.o(i.vPortFree)
    vPortSetupTimerInterrupt                 0x0800a669   Thumb Code    26  port.o(i.vPortSetupTimerInterrupt)
    vPortValidateInterruptPriority           0x0800a689   Thumb Code   106  port.o(i.vPortValidateInterruptPriority)
    vQueueAddToRegistry                      0x0800a701   Thumb Code    38  queue.o(i.vQueueAddToRegistry)
    vQueueWaitForMessageRestricted           0x0800a72d   Thumb Code    74  queue.o(i.vQueueWaitForMessageRestricted)
    vTaskDelay                               0x0800a779   Thumb Code    82  tasks.o(i.vTaskDelay)
    vTaskDelayUntil                          0x0800a7d5   Thumb Code   200  tasks.o(i.vTaskDelayUntil)
    vTaskDelete                              0x0800a8a9   Thumb Code   202  tasks.o(i.vTaskDelete)
    vTaskMissedYield                         0x0800a99d   Thumb Code     8  tasks.o(i.vTaskMissedYield)
    vTaskPlaceOnEventList                    0x0800a9a9   Thumb Code    52  tasks.o(i.vTaskPlaceOnEventList)
    vTaskPlaceOnEventListRestricted          0x0800a9e1   Thumb Code    60  tasks.o(i.vTaskPlaceOnEventListRestricted)
    vTaskPriorityInherit                     0x0800aa21   Thumb Code   164  tasks.o(i.vTaskPriorityInherit)
    vTaskResume                              0x0800aad1   Thumb Code   128  tasks.o(i.vTaskResume)
    vTaskSetTimeOutState                     0x0800ab61   Thumb Code    38  tasks.o(i.vTaskSetTimeOutState)
    vTaskStartScheduler                      0x0800ab91   Thumb Code   118  tasks.o(i.vTaskStartScheduler)
    vTaskSuspend                             0x0800ac25   Thumb Code   196  tasks.o(i.vTaskSuspend)
    vTaskSuspendAll                          0x0800ad09   Thumb Code    12  tasks.o(i.vTaskSuspendAll)
    vTaskSwitchContext                       0x0800ad19   Thumb Code   118  tasks.o(i.vTaskSwitchContext)
    xPortStartScheduler                      0x0800ada5   Thumb Code   288  port.o(i.xPortStartScheduler)
    xPortSysTickHandler                      0x0800aee1   Thumb Code    46  port.o(i.xPortSysTickHandler)
    xQueueGenericCreate                      0x0800af15   Thumb Code    88  queue.o(i.xQueueGenericCreate)
    xQueueGenericReceive                     0x0800af6d   Thumb Code   446  queue.o(i.xQueueGenericReceive)
    xQueueGenericReset                       0x0800b131   Thumb Code   146  queue.o(i.xQueueGenericReset)
    xQueueGenericSend                        0x0800b1c9   Thumb Code   420  queue.o(i.xQueueGenericSend)
    xQueueGenericSendFromISR                 0x0800b371   Thumb Code   248  queue.o(i.xQueueGenericSendFromISR)
    xTaskCheckForTimeOut                     0x0800b469   Thumb Code   132  tasks.o(i.xTaskCheckForTimeOut)
    xTaskCreate                              0x0800b4f5   Thumb Code    96  tasks.o(i.xTaskCreate)
    xTaskGetSchedulerState                   0x0800b555   Thumb Code    24  tasks.o(i.xTaskGetSchedulerState)
    xTaskGetTickCount                        0x0800b575   Thumb Code     6  tasks.o(i.xTaskGetTickCount)
    xTaskIncrementTick                       0x0800b581   Thumb Code   282  tasks.o(i.xTaskIncrementTick)
    xTaskPriorityDisinherit                  0x0800b6c9   Thumb Code   188  tasks.o(i.xTaskPriorityDisinherit)
    xTaskRemoveFromEventList                 0x0800b791   Thumb Code   128  tasks.o(i.xTaskRemoveFromEventList)
    xTaskResumeAll                           0x0800b829   Thumb Code   224  tasks.o(i.xTaskResumeAll)
    xTimerCreateTimerTask                    0x0800b92d   Thumb Code    66  timers.o(i.xTimerCreateTimerTask)
    xTimerGenericCommand                     0x0800b985   Thumb Code   126  timers.o(i.xTimerGenericCommand)
    PIC64X128_XTARK                          0x0800ba08   Data        1024  main.o(.constdata)
    light3_pixel                             0x0800be08   Data          24  ax_light.o(.constdata)
    light4_pixel_red                         0x0800be20   Data          24  ax_light.o(.constdata)
    light4_pixel_blue                        0x0800be38   Data          24  ax_light.o(.constdata)
    ASCII8X16                                0x0800be50   Data        1520  ax_oled.o(.constdata)
    ASCII6X8                                 0x0800c440   Data         552  ax_oled.o(.constdata)
    hw                                       0x0800c668   Data          12  inv_mpu.o(.constdata)
    reg                                      0x0800c674   Data          27  inv_mpu.o(.constdata)
    test                                     0x0800c690   Data          40  inv_mpu.o(.constdata)
    __mathlib_zero                           0x0800d398   Data           8  qnan.o(.constdata)
    Region$$Table$$Base                      0x0800d3a0   Number         0  anon$$obj.o(Region$$Table)
    Region$$Table$$Limit                     0x0800d3c0   Number         0  anon$$obj.o(Region$$Table)
    StartTask_Handler                        0x20000000   Data           4  main.o(.data)
    Robot_Task_Handle                        0x20000004   Data           4  main.o(.data)
    Key_Task_Handle                          0x20000008   Data           4  main.o(.data)
    Light_Task_Handle                        0x2000000c   Data           4  main.o(.data)
    Disp_Task_Handle                         0x20000010   Data           4  main.o(.data)
    Trivia_Task_Handle                       0x20000014   Data           4  main.o(.data)
    SystemCoreClock                          0x20000018   Data           4  system_stm32f4xx.o(.data)
    AHBPrescTable                            0x2000001c   Data          16  system_stm32f4xx.o(.data)
    R_Light                                  0x2000002c   Data           6  ax_robot.o(.data)
    R_Bat_Vol                                0x20000032   Data           2  ax_robot.o(.data)
    ax_imu_acc_data                          0x20000034   Data           6  ax_robot.o(.data)
    ax_imu_gyro_data                         0x2000003a   Data           6  ax_robot.o(.data)
    ax_imu_gyro_offset                       0x20000040   Data           6  ax_robot.o(.data)
    pitch                                    0x20000048   Data           4  ax_robot.o(.data)
    roll                                     0x2000004c   Data           4  ax_robot.o(.data)
    yaw                                      0x20000050   Data           4  ax_robot.o(.data)
    BalanAngle                               0x20000054   Data           4  ax_robot.o(.data)
    yaw_acc_error                            0x20000058   Data           4  ax_robot.o(.data)
    roll_acc_error                           0x2000005c   Data           4  ax_robot.o(.data)
    pitch_acc_error                          0x20000060   Data           4  ax_robot.o(.data)
    ax_motor_kp                              0x20000064   Data           2  ax_robot.o(.data)
    ax_motor_kd                              0x20000066   Data           2  ax_robot.o(.data)
    Kp_Gesture                               0x20000068   Data           4  ax_robot.o(.data)
    Kd_Gesture                               0x2000006c   Data           4  ax_robot.o(.data)
    Kp_Speed                                 0x20000070   Data           4  ax_robot.o(.data)
    Ki_Speed                                 0x20000074   Data           4  ax_robot.o(.data)
    speed_flag                               0x20000078   Data           1  ax_robot.o(.data)
    ax_robot_move_enable                     0x20000079   Data           1  ax_robot.o(.data)
    ax_imu_calibrate_flag                    0x2000007a   Data           1  ax_robot.o(.data)
    ax_light_enable                          0x2000007b   Data           1  ax_robot.o(.data)
    ax_light_save_flag                       0x2000007c   Data           1  ax_robot.o(.data)
    ax_beep_ring                             0x2000007d   Data           1  ax_robot.o(.data)
    my_joystick                              0x2000007e   Data           7  ax_robot.o(.data)
    ax_control_mode                          0x20000085   Data           1  ax_robot.o(.data)
    ax_akm_angle                             0x20000086   Data           2  ax_robot.o(.data)
    ax_akm_offset                            0x20000088   Data           2  ax_robot.o(.data)
    gyro                                     0x200000f0   Data           6  ax_mpu6050.o(.data)
    accel                                    0x200000f6   Data           6  ax_mpu6050.o(.data)
    sensors                                  0x200000fc   Data           2  ax_mpu6050.o(.data)
    Pitch                                    0x20000100   Data           4  ax_mpu6050.o(.data)
    Roll                                     0x20000104   Data           4  ax_mpu6050.o(.data)
    Yaw                                      0x20000108   Data           4  ax_mpu6050.o(.data)
    q0                                       0x2000010c   Data           4  ax_mpu6050.o(.data)
    q1                                       0x20000110   Data           4  ax_mpu6050.o(.data)
    q2                                       0x20000114   Data           4  ax_mpu6050.o(.data)
    q3                                       0x20000118   Data           4  ax_mpu6050.o(.data)
    pxCurrentTCB                             0x20000168   Data           4  tasks.o(.data)
    __stdout                                 0x200001dc   Data           4  stdout.o(.data)
    R_Vel                                    0x200001e8   Data          36  ax_robot.o(.bss)
    R_Wheel_A                                0x20000210   Data          16  ax_robot.o(.bss)
    R_Wheel_B                                0x20000220   Data          16  ax_robot.o(.bss)
    R_Wheel_C                                0x20000230   Data          16  ax_robot.o(.bss)
    R_Wheel_D                                0x20000240   Data          16  ax_robot.o(.bss)
    R_Imu                                    0x20000250   Data          12  ax_robot.o(.bss)
    light_pixel                              0x20000270   Data          24  ax_light.o(.bss)
    RGB_BYTE_Buffer                          0x200003e8   Data         194  ax_rgb.o(.bss)
    xQueueRegistry                           0x2000050c   Data          64  queue.o(.bss)
    __initial_sp                             0x20013640   Data           0  startup_stm32f40_41xxx.o(STACK)



==============================================================================

Memory Map of the image

  Image Entry point : 0x08000189

  Load Region LR_IROM1 (Base: 0x08000000, Size: 0x0000d5a4, Max: 0x00080000, ABSOLUTE, COMPRESSED[0x0000d410])

    Execution Region ER_IROM1 (Exec base: 0x08000000, Load base: 0x08000000, Size: 0x0000d3c0, Max: 0x00080000, ABSOLUTE)

    Exec Addr    Load Addr    Size         Type   Attr      Idx    E Section Name        Object

    0x08000000   0x08000000   0x00000188   Data   RO         7378    RESET               startup_stm32f40_41xxx.o
    0x08000188   0x08000188   0x00000000   Code   RO         8359  * .ARM.Collect$$$$00000000  mc_w.l(entry.o)
    0x08000188   0x08000188   0x00000004   Code   RO         8688    .ARM.Collect$$$$00000001  mc_w.l(entry2.o)
    0x0800018c   0x0800018c   0x00000004   Code   RO         8691    .ARM.Collect$$$$00000004  mc_w.l(entry5.o)
    0x08000190   0x08000190   0x00000000   Code   RO         8693    .ARM.Collect$$$$00000008  mc_w.l(entry7b.o)
    0x08000190   0x08000190   0x00000000   Code   RO         8695    .ARM.Collect$$$$0000000A  mc_w.l(entry8b.o)
    0x08000190   0x08000190   0x00000008   Code   RO         8696    .ARM.Collect$$$$0000000B  mc_w.l(entry9a.o)
    0x08000198   0x08000198   0x00000000   Code   RO         8698    .ARM.Collect$$$$0000000D  mc_w.l(entry10a.o)
    0x08000198   0x08000198   0x00000000   Code   RO         8700    .ARM.Collect$$$$0000000F  mc_w.l(entry11a.o)
    0x08000198   0x08000198   0x00000004   Code   RO         8689    .ARM.Collect$$$$00002712  mc_w.l(entry2.o)
    0x0800019c   0x0800019c   0x000000b6   Code   RO         8242    .emb_text           port.o
    0x08000252   0x08000252   0x00000002   PAD
    0x08000254   0x08000254   0x00000024   Code   RO         7379    .text               startup_stm32f40_41xxx.o
    0x08000278   0x08000278   0x00000062   Code   RO         8362    .text               mc_w.l(ldiv.o)
    0x080002da   0x080002da   0x00000024   Code   RO         8364    .text               mc_w.l(memcpya.o)
    0x080002fe   0x080002fe   0x00000024   Code   RO         8366    .text               mc_w.l(memseta.o)
    0x08000322   0x08000322   0x0000001a   Code   RO         8368    .text               mc_w.l(memcmp.o)
    0x0800033c   0x0800033c   0x0000014e   Code   RO         8633    .text               mf_w.l(dadd.o)
    0x0800048a   0x0800048a   0x000000e4   Code   RO         8635    .text               mf_w.l(dmul.o)
    0x0800056e   0x0800056e   0x000000de   Code   RO         8637    .text               mf_w.l(ddiv.o)
    0x0800064c   0x0800064c   0x00000022   Code   RO         8639    .text               mf_w.l(dflti.o)
    0x0800066e   0x0800066e   0x0000001a   Code   RO         8641    .text               mf_w.l(dfltui.o)
    0x08000688   0x08000688   0x0000003e   Code   RO         8643    .text               mf_w.l(dfixi.o)
    0x080006c6   0x080006c6   0x00000032   Code   RO         8645    .text               mf_w.l(dfixui.o)
    0x080006f8   0x080006f8   0x00000026   Code   RO         8647    .text               mf_w.l(f2d.o)
    0x0800071e   0x0800071e   0x00000038   Code   RO         8649    .text               mf_w.l(d2f.o)
    0x08000756   0x08000756   0x0000002c   Code   RO         8703    .text               mc_w.l(uidiv.o)
    0x08000782   0x08000782   0x00000062   Code   RO         8705    .text               mc_w.l(uldiv.o)
    0x080007e4   0x080007e4   0x0000001e   Code   RO         8707    .text               mc_w.l(llshl.o)
    0x08000802   0x08000802   0x00000020   Code   RO         8709    .text               mc_w.l(llushr.o)
    0x08000822   0x08000822   0x00000024   Code   RO         8711    .text               mc_w.l(llsshr.o)
    0x08000846   0x08000846   0x00000000   Code   RO         8720    .text               mc_w.l(iusefp.o)
    0x08000846   0x08000846   0x0000006e   Code   RO         8721    .text               mf_w.l(fepilogue.o)
    0x080008b4   0x080008b4   0x000000ba   Code   RO         8723    .text               mf_w.l(depilogue.o)
    0x0800096e   0x0800096e   0x00000030   Code   RO         8727    .text               mf_w.l(dfixul.o)
    0x0800099e   0x0800099e   0x00000002   PAD
    0x080009a0   0x080009a0   0x00000030   Code   RO         8729    .text               mf_w.l(cdrcmple.o)
    0x080009d0   0x080009d0   0x00000024   Code   RO         8731    .text               mc_w.l(init.o)
    0x080009f4   0x080009f4   0x000000a2   Code   RO         8733    .text               mf_w.l(dsqrt.o)
    0x08000a96   0x08000a96   0x00000056   Code   RO         8745    .text               mc_w.l(__dczerorl2.o)
    0x08000aec   0x08000aec   0x00000016   Code   RO         2428    i.ADC_Cmd           stm32f4xx_adc.o
    0x08000b02   0x08000b02   0x00000002   PAD
    0x08000b04   0x08000b04   0x00000030   Code   RO         2429    i.ADC_CommonInit    stm32f4xx_adc.o
    0x08000b34   0x08000b34   0x00000008   Code   RO         2440    i.ADC_GetConversionValue  stm32f4xx_adc.o
    0x08000b3c   0x08000b3c   0x00000012   Code   RO         2441    i.ADC_GetFlagStatus  stm32f4xx_adc.o
    0x08000b4e   0x08000b4e   0x00000002   PAD
    0x08000b50   0x08000b50   0x00000054   Code   RO         2448    i.ADC_Init          stm32f4xx_adc.o
    0x08000ba4   0x08000ba4   0x000000b8   Code   RO         2453    i.ADC_RegularChannelConfig  stm32f4xx_adc.o
    0x08000c5c   0x08000c5c   0x0000000a   Code   RO         2455    i.ADC_SoftwareStartConv  stm32f4xx_adc.o
    0x08000c66   0x08000c66   0x00000002   PAD
    0x08000c68   0x08000c68   0x0000003c   Code   RO          772    i.AX_BEEP_Init      ax_beep.o
    0x08000ca4   0x08000ca4   0x000000f0   Code   RO         1571    i.AX_CAN_Init       ax_can.o
    0x08000d94   0x08000d94   0x000000f8   Code   RO          624    i.AX_CTL_App        ax_control.o
    0x08000e8c   0x08000e8c   0x00000124   Code   RO          625    i.AX_CTL_Ps2        ax_control.o
    0x08000fb0   0x08000fb0   0x00000104   Code   RO          626    i.AX_CTL_RemoteSbus  ax_control.o
    0x080010b4   0x080010b4   0x00000050   Code   RO          686    i.AX_DELAY_Init     ax_delay.o
    0x08001104   0x08001104   0x00000012   Code   RO          687    i.AX_Delayms        ax_delay.o
    0x08001116   0x08001116   0x00000002   PAD
    0x08001118   0x08001118   0x00000048   Code   RO          688    i.AX_Delayus        ax_delay.o
    0x08001160   0x08001160   0x0000005c   Code   RO         1609    i.AX_EEPROM_Init    ax_eeprom.o
    0x080011bc   0x080011bc   0x00000052   Code   RO         1611    i.AX_EEPROM_ReadOneByte  ax_eeprom.o
    0x0800120e   0x0800120e   0x0000004c   Code   RO         1613    i.AX_EEPROM_WriteOneByte  ax_eeprom.o
    0x0800125a   0x0800125a   0x0000000a   Code   RO         1322    i.AX_ENCODER_A_GetCounter  ax_encoder.o
    0x08001264   0x08001264   0x000000d0   Code   RO         1323    i.AX_ENCODER_A_Init  ax_encoder.o
    0x08001334   0x08001334   0x00000008   Code   RO         1324    i.AX_ENCODER_A_SetCounter  ax_encoder.o
    0x0800133c   0x0800133c   0x0000000c   Code   RO         1325    i.AX_ENCODER_B_GetCounter  ax_encoder.o
    0x08001348   0x08001348   0x000000b4   Code   RO         1326    i.AX_ENCODER_B_Init  ax_encoder.o
    0x080013fc   0x080013fc   0x0000000c   Code   RO         1327    i.AX_ENCODER_B_SetCounter  ax_encoder.o
    0x08001408   0x08001408   0x000000b4   Code   RO         1329    i.AX_ENCODER_C_Init  ax_encoder.o
    0x080014bc   0x080014bc   0x000000b4   Code   RO         1332    i.AX_ENCODER_D_Init  ax_encoder.o
    0x08001570   0x08001570   0x00000038   Code   RO          868    i.AX_KEY_Init       ax_key.o
    0x080015a8   0x080015a8   0x00000014   Code   RO          869    i.AX_KEY_Scan       ax_key.o
    0x080015bc   0x080015bc   0x00000050   Code   RO          724    i.AX_LED_Init       ax_led.o
    0x0800160c   0x0800160c   0x00000060   Code   RO          529    i.AX_LIGHT_Show     ax_light.o
    0x0800166c   0x0800166c   0x000000f8   Code   RO         1268    i.AX_MOTOR_AB_Init  ax_motor.o
    0x08001764   0x08001764   0x00000054   Code   RO         1269    i.AX_MOTOR_A_SetSpeed  ax_motor.o
    0x080017b8   0x080017b8   0x00000054   Code   RO         1270    i.AX_MOTOR_B_SetSpeed  ax_motor.o
    0x0800180c   0x0800180c   0x0000016c   Code   RO         1271    i.AX_MOTOR_CD_Init  ax_motor.o
    0x08001978   0x08001978   0x00000054   Code   RO         1272    i.AX_MOTOR_C_SetSpeed  ax_motor.o
    0x080019cc   0x080019cc   0x00000054   Code   RO         1273    i.AX_MOTOR_D_SetSpeed  ax_motor.o
    0x08001a20   0x08001a20   0x00000040   Code   RO         1078    i.AX_MPU6050_GetAccData  ax_mpu6050.o
    0x08001a60   0x08001a60   0x00000040   Code   RO         1079    i.AX_MPU6050_GetGyroData  ax_mpu6050.o
    0x08001aa0   0x08001aa0   0x000000a4   Code   RO         1081    i.AX_MPU6050_Init   ax_mpu6050.o
    0x08001b44   0x08001b44   0x00000010   Code   RO         1082    i.AX_MPU6050_SetAccRange  ax_mpu6050.o
    0x08001b54   0x08001b54   0x0000000e   Code   RO         1083    i.AX_MPU6050_SetDLPF  ax_mpu6050.o
    0x08001b62   0x08001b62   0x00000010   Code   RO         1084    i.AX_MPU6050_SetGyroRange  ax_mpu6050.o
    0x08001b72   0x08001b72   0x0000002a   Code   RO         1085    i.AX_MPU6050_SetGyroSmplRate  ax_mpu6050.o
    0x08001b9c   0x08001b9c   0x00000038   Code   RO         1692    i.AX_OLED_ClearScreen  ax_oled.o
    0x08001bd4   0x08001bd4   0x00000080   Code   RO         1697    i.AX_OLED_DispChar  ax_oled.o
    0x08001c54   0x08001c54   0x00000024   Code   RO         1699    i.AX_OLED_DispNum   ax_oled.o
    0x08001c78   0x08001c78   0x00000094   Code   RO         1700    i.AX_OLED_DispPicture  ax_oled.o
    0x08001d0c   0x08001d0c   0x00000040   Code   RO         1701    i.AX_OLED_DispStr   ax_oled.o
    0x08001d4c   0x08001d4c   0x000001f8   Code   RO         1702    i.AX_OLED_DispValue  ax_oled.o
    0x08001f44   0x08001f44   0x00000198   Code   RO         1703    i.AX_OLED_Init      ax_oled.o
    0x080020dc   0x080020dc   0x000000ac   Code   RO         1847    i.AX_PS2_Init       ax_ps2.o
    0x08002188   0x08002188   0x000000fc   Code   RO         1520    i.AX_RGB_Init       ax_rgb.o
    0x08002284   0x08002284   0x00000098   Code   RO         1521    i.AX_RGB_SetFullColor  ax_rgb.o
    0x0800231c   0x0800231c   0x0000009c   Code   RO         1522    i.AX_RGB_SetPixelColor  ax_rgb.o
    0x080023b8   0x080023b8   0x0000009c   Code   RO         1523    i.AX_RGB_SetPixelColor1  ax_rgb.o
    0x08002454   0x08002454   0x000001dc   Code   RO          594    i.AX_ROBOT_Kinematics  ax_kinematics.o
    0x08002630   0x08002630   0x0000001c   Code   RO          595    i.AX_ROBOT_Stop     ax_kinematics.o
    0x0800264c   0x0800264c   0x000000cc   Code   RO         1808    i.AX_SBUS_GetRxData  ax_sbus.o
    0x08002718   0x08002718   0x000000b8   Code   RO         1809    i.AX_SBUS_Init      ax_sbus.o
    0x080027d0   0x080027d0   0x000000a8   Code   RO         1412    i.AX_SERVO_S1_Init  ax_servo.o
    0x08002878   0x08002878   0x0000004c   Code   RO         1414    i.AX_SERVO_S1_SetAngle  ax_servo.o
    0x080028c4   0x080028c4   0x000000a8   Code   RO         1415    i.AX_SERVO_S2_Init  ax_servo.o
    0x0800296c   0x0800296c   0x0000004c   Code   RO         1417    i.AX_SERVO_S2_SetAngle  ax_servo.o
    0x080029b8   0x080029b8   0x000000b4   Code   RO          899    i.AX_UART1_Init     ax_uart1.o
    0x08002a6c   0x08002a6c   0x000000a8   Code   RO          955    i.AX_UART2_Init     ax_uart2.o
    0x08002b14   0x08002b14   0x000000ac   Code   RO          994    i.AX_UART3_Init     ax_uart3.o
    0x08002bc0   0x08002bc0   0x0000003c   Code   RO         1033    i.AX_UART4_GetData  ax_uart4.o
    0x08002bfc   0x08002bfc   0x000000ac   Code   RO         1034    i.AX_UART4_Init     ax_uart4.o
    0x08002ca8   0x08002ca8   0x00000070   Code   RO          838    i.AX_VIN_GetVol_X100  ax_vin.o
    0x08002d18   0x08002d18   0x00000090   Code   RO          839    i.AX_VIN_Init       ax_vin.o
    0x08002da8   0x08002da8   0x00000004   Code   RO          274    i.BusFault_Handler  stm32f4xx_it.o
    0x08002dac   0x08002dac   0x00000064   Code   RO         1573    i.CAN1_RX0_IRQHandler  ax_can.o
    0x08002e10   0x08002e10   0x00000108   Code   RO         2674    i.CAN_FilterInit    stm32f4xx_can.o
    0x08002f18   0x08002f18   0x00000012   Code   RO         2680    i.CAN_ITConfig      stm32f4xx_can.o
    0x08002f2a   0x08002f2a   0x00000114   Code   RO         2681    i.CAN_Init          stm32f4xx_can.o
    0x0800303e   0x0800303e   0x000000f0   Code   RO         2684    i.CAN_Receive       stm32f4xx_can.o
    0x0800312e   0x0800312e   0x00000002   PAD
    0x08003130   0x08003130   0x00000034   Code   RO         3447    i.DMA_ClearFlag     stm32f4xx_dma.o
    0x08003164   0x08003164   0x00000016   Code   RO         3449    i.DMA_Cmd           stm32f4xx_dma.o
    0x0800317a   0x0800317a   0x00000002   PAD
    0x0800317c   0x0800317c   0x00000158   Code   RO         3450    i.DMA_DeInit        stm32f4xx_dma.o
    0x080032d4   0x080032d4   0x00000014   Code   RO         3454    i.DMA_GetCmdStatus  stm32f4xx_dma.o
    0x080032e8   0x080032e8   0x00000044   Code   RO         3458    i.DMA_GetFlagStatus  stm32f4xx_dma.o
    0x0800332c   0x0800332c   0x00000058   Code   RO         3461    i.DMA_Init          stm32f4xx_dma.o
    0x08003384   0x08003384   0x00000004   Code   RO         3464    i.DMA_SetCurrDataCounter  stm32f4xx_dma.o
    0x08003388   0x08003388   0x00000058   Code   RO         1086    i.DMP_Init          ax_mpu6050.o
    0x080033e0   0x080033e0   0x00000002   Code   RO          275    i.DebugMon_Handler  stm32f4xx_it.o
    0x080033e2   0x080033e2   0x00000002   PAD
    0x080033e4   0x080033e4   0x000001e4   Code   RO          384    i.Disp_Task         ax_robot.o
    0x080035c8   0x080035c8   0x00000090   Code   RO         4249    i.GPIO_Init         stm32f4xx_gpio.o
    0x08003658   0x08003658   0x00000046   Code   RO         4250    i.GPIO_PinAFConfig  stm32f4xx_gpio.o
    0x0800369e   0x0800369e   0x00000012   Code   RO         4253    i.GPIO_ReadInputDataBit  stm32f4xx_gpio.o
    0x080036b0   0x080036b0   0x00000004   Code   RO         4256    i.GPIO_ResetBits    stm32f4xx_gpio.o
    0x080036b4   0x080036b4   0x00000004   Code   RO         4257    i.GPIO_SetBits      stm32f4xx_gpio.o
    0x080036b8   0x080036b8   0x0000000a   Code   RO         4261    i.GPIO_WriteBit     stm32f4xx_gpio.o
    0x080036c2   0x080036c2   0x00000002   PAD
    0x080036c4   0x080036c4   0x0000005c   Code   RO          471    i.Gesture           ax_speed.o
    0x08003720   0x08003720   0x00000004   Code   RO          276    i.HardFault_Handler  stm32f4xx_it.o
    0x08003724   0x08003724   0x0000004c   Code   RO         1087    i.IIC_Ack           ax_mpu6050.o
    0x08003770   0x08003770   0x00000044   Code   RO         1614    i.IIC_Ack           ax_eeprom.o
    0x080037b4   0x080037b4   0x0000004c   Code   RO         1089    i.IIC_NAck          ax_mpu6050.o
    0x08003800   0x08003800   0x00000034   Code   RO         1615    i.IIC_NAck          ax_eeprom.o
    0x08003834   0x08003834   0x00000076   Code   RO         1090    i.IIC_Read          ax_mpu6050.o
    0x080038aa   0x080038aa   0x00000002   PAD
    0x080038ac   0x080038ac   0x0000006c   Code   RO         1091    i.IIC_Read_Byte     ax_mpu6050.o
    0x08003918   0x08003918   0x00000054   Code   RO         1616    i.IIC_Read_Byte     ax_eeprom.o
    0x0800396c   0x0800396c   0x00000064   Code   RO         1092    i.IIC_Send_Byte     ax_mpu6050.o
    0x080039d0   0x080039d0   0x00000048   Code   RO         1617    i.IIC_Send_Byte     ax_eeprom.o
    0x08003a18   0x08003a18   0x00000068   Code   RO         1093    i.IIC_Start         ax_mpu6050.o
    0x08003a80   0x08003a80   0x00000038   Code   RO         1618    i.IIC_Start         ax_eeprom.o
    0x08003ab8   0x08003ab8   0x00000048   Code   RO         1094    i.IIC_Stop          ax_mpu6050.o
    0x08003b00   0x08003b00   0x00000034   Code   RO         1619    i.IIC_Stop          ax_eeprom.o
    0x08003b34   0x08003b34   0x00000064   Code   RO         1095    i.IIC_Wait_Ack      ax_mpu6050.o
    0x08003b98   0x08003b98   0x00000054   Code   RO         1620    i.IIC_Wait_Ack      ax_eeprom.o
    0x08003bec   0x08003bec   0x00000060   Code   RO         1096    i.IIC_Write         ax_mpu6050.o
    0x08003c4c   0x08003c4c   0x00000160   Code   RO          385    i.Key_Task          ax_robot.o
    0x08003dac   0x08003dac   0x00000014   Code   RO          530    i.Light_Effect1     ax_light.o
    0x08003dc0   0x08003dc0   0x000000ec   Code   RO          531    i.Light_Effect2     ax_light.o
    0x08003eac   0x08003eac   0x00000010   Code   RO          532    i.Light_Effect3     ax_light.o
    0x08003ebc   0x08003ebc   0x000000b0   Code   RO          533    i.Light_Effect4     ax_light.o
    0x08003f6c   0x08003f6c   0x00000064   Code   RO          534    i.Light_Effect5     ax_light.o
    0x08003fd0   0x08003fd0   0x0000011c   Code   RO          535    i.Light_Effect6     ax_light.o
    0x080040ec   0x080040ec   0x00000024   Code   RO          386    i.Light_Task        ax_robot.o
    0x08004110   0x08004110   0x00000016   Code   RO         1097    i.MPU6050_ReadRegister  ax_mpu6050.o
    0x08004126   0x08004126   0x00000012   Code   RO         1098    i.MPU6050_WriteRegister  ax_mpu6050.o
    0x08004138   0x08004138   0x00000004   Code   RO          277    i.MemManage_Handler  stm32f4xx_it.o
    0x0800413c   0x0800413c   0x00000002   Code   RO          278    i.NMI_Handler       stm32f4xx_it.o
    0x0800413e   0x0800413e   0x00000002   PAD
    0x08004140   0x08004140   0x00000078   Code   RO         2374    i.NVIC_Init         misc.o
    0x080041b8   0x080041b8   0x00000014   Code   RO         2375    i.NVIC_PriorityGroupConfig  misc.o
    0x080041cc   0x080041cc   0x00000028   Code   RO         1704    i.OLED_Set_Pos      ax_oled.o
    0x080041f4   0x080041f4   0x00000020   Code   RO         1705    i.OLED_WriteCmd     ax_oled.o
    0x08004214   0x08004214   0x0000000c   Code   RO         1706    i.OLED_WriteData    ax_oled.o
    0x08004220   0x08004220   0x00000020   Code   RO         5175    i.RCC_AHB1PeriphClockCmd  stm32f4xx_rcc.o
    0x08004240   0x08004240   0x00000020   Code   RO         5184    i.RCC_APB1PeriphClockCmd  stm32f4xx_rcc.o
    0x08004260   0x08004260   0x00000020   Code   RO         5186    i.RCC_APB1PeriphResetCmd  stm32f4xx_rcc.o
    0x08004280   0x08004280   0x00000020   Code   RO         5187    i.RCC_APB2PeriphClockCmd  stm32f4xx_rcc.o
    0x080042a0   0x080042a0   0x00000020   Code   RO         5189    i.RCC_APB2PeriphResetCmd  stm32f4xx_rcc.o
    0x080042c0   0x080042c0   0x000000e8   Code   RO         5196    i.RCC_GetClocksFreq  stm32f4xx_rcc.o
    0x080043a8   0x080043a8   0x0000003c   Code   RO         1524    i.RGB_Update        ax_rgb.o
    0x080043e4   0x080043e4   0x00000080   Code   RO          388    i.ROBOT_IMUHandle   ax_robot.o
    0x08004464   0x08004464   0x0000007c   Code   RO          390    i.Robot_Task        ax_robot.o
    0x080044e0   0x080044e0   0x00000038   Code   RO         1707    i.SPI1_Send_Byte    ax_oled.o
    0x08004518   0x08004518   0x00000018   Code   RO         6332    i.SPI_CalculateCRC  stm32f4xx_spi.o
    0x08004530   0x08004530   0x00000018   Code   RO         6333    i.SPI_Cmd           stm32f4xx_spi.o
    0x08004548   0x08004548   0x00000012   Code   RO         6339    i.SPI_I2S_DMACmd    stm32f4xx_spi.o
    0x0800455a   0x0800455a   0x00000012   Code   RO         6341    i.SPI_I2S_GetFlagStatus  stm32f4xx_spi.o
    0x0800456c   0x0800456c   0x00000006   Code   RO         6344    i.SPI_I2S_ReceiveData  stm32f4xx_spi.o
    0x08004572   0x08004572   0x00000004   Code   RO         6345    i.SPI_I2S_SendData  stm32f4xx_spi.o
    0x08004576   0x08004576   0x0000003c   Code   RO         6346    i.SPI_Init          stm32f4xx_spi.o
    0x080045b2   0x080045b2   0x00000002   PAD
    0x080045b4   0x080045b4   0x000000ec   Code   RO          343    i.SetSysClock       system_stm32f4xx.o
    0x080046a0   0x080046a0   0x0000010c   Code   RO          472    i.Speed             ax_speed.o
    0x080047ac   0x080047ac   0x000003fc   Code   RO            4    i.Start_Task        main.o
    0x08004ba8   0x08004ba8   0x00000028   Code   RO         2378    i.SysTick_CLKSourceConfig  misc.o
    0x08004bd0   0x08004bd0   0x00000010   Code   RO          279    i.SysTick_Handler   stm32f4xx_it.o
    0x08004be0   0x08004be0   0x00000068   Code   RO          345    i.SystemInit        system_stm32f4xx.o
    0x08004c48   0x08004c48   0x0000003a   Code   RO         6555    i.TI1_Config        stm32f4xx_tim.o
    0x08004c82   0x08004c82   0x00000050   Code   RO         6556    i.TI2_Config        stm32f4xx_tim.o
    0x08004cd2   0x08004cd2   0x00000048   Code   RO         6557    i.TI3_Config        stm32f4xx_tim.o
    0x08004d1a   0x08004d1a   0x00000050   Code   RO         6558    i.TI4_Config        stm32f4xx_tim.o
    0x08004d6a   0x08004d6a   0x00000018   Code   RO         6559    i.TIM_ARRPreloadConfig  stm32f4xx_tim.o
    0x08004d82   0x08004d82   0x00000018   Code   RO         6571    i.TIM_Cmd           stm32f4xx_tim.o
    0x08004d9a   0x08004d9a   0x0000001e   Code   RO         6573    i.TIM_CtrlPWMOutputs  stm32f4xx_tim.o
    0x08004db8   0x08004db8   0x00000190   Code   RO         6576    i.TIM_DeInit        stm32f4xx_tim.o
    0x08004f48   0x08004f48   0x00000042   Code   RO         6580    i.TIM_EncoderInterfaceConfig  stm32f4xx_tim.o
    0x08004f8a   0x08004f8a   0x0000006e   Code   RO         6594    i.TIM_ICInit        stm32f4xx_tim.o
    0x08004ff8   0x08004ff8   0x00000012   Code   RO         6595    i.TIM_ICStructInit  stm32f4xx_tim.o
    0x0800500a   0x0800500a   0x00000002   PAD
    0x0800500c   0x0800500c   0x0000007c   Code   RO         6600    i.TIM_OC1Init       stm32f4xx_tim.o
    0x08005088   0x08005088   0x00000012   Code   RO         6603    i.TIM_OC1PreloadConfig  stm32f4xx_tim.o
    0x0800509a   0x0800509a   0x00000002   PAD
    0x0800509c   0x0800509c   0x000000a4   Code   RO         6605    i.TIM_OC2Init       stm32f4xx_tim.o
    0x08005140   0x08005140   0x0000001a   Code   RO         6608    i.TIM_OC2PreloadConfig  stm32f4xx_tim.o
    0x0800515a   0x0800515a   0x00000002   PAD
    0x0800515c   0x0800515c   0x000000a0   Code   RO         6610    i.TIM_OC3Init       stm32f4xx_tim.o
    0x080051fc   0x080051fc   0x00000012   Code   RO         6613    i.TIM_OC3PreloadConfig  stm32f4xx_tim.o
    0x0800520e   0x0800520e   0x00000002   PAD
    0x08005210   0x08005210   0x00000078   Code   RO         6615    i.TIM_OC4Init       stm32f4xx_tim.o
    0x08005288   0x08005288   0x0000001a   Code   RO         6617    i.TIM_OC4PreloadConfig  stm32f4xx_tim.o
    0x080052a2   0x080052a2   0x00000004   Code   RO         6633    i.TIM_SetCompare1   stm32f4xx_tim.o
    0x080052a6   0x080052a6   0x00000004   Code   RO         6634    i.TIM_SetCompare2   stm32f4xx_tim.o
    0x080052aa   0x080052aa   0x00000004   Code   RO         6635    i.TIM_SetCompare3   stm32f4xx_tim.o
    0x080052ae   0x080052ae   0x00000004   Code   RO         6636    i.TIM_SetCompare4   stm32f4xx_tim.o
    0x080052b2   0x080052b2   0x00000012   Code   RO         6638    i.TIM_SetIC1Prescaler  stm32f4xx_tim.o
    0x080052c4   0x080052c4   0x0000001a   Code   RO         6639    i.TIM_SetIC2Prescaler  stm32f4xx_tim.o
    0x080052de   0x080052de   0x00000012   Code   RO         6640    i.TIM_SetIC3Prescaler  stm32f4xx_tim.o
    0x080052f0   0x080052f0   0x0000001a   Code   RO         6641    i.TIM_SetIC4Prescaler  stm32f4xx_tim.o
    0x0800530a   0x0800530a   0x00000002   PAD
    0x0800530c   0x0800530c   0x00000084   Code   RO         6643    i.TIM_TimeBaseInit  stm32f4xx_tim.o
    0x08005390   0x08005390   0x00000012   Code   RO         6644    i.TIM_TimeBaseStructInit  stm32f4xx_tim.o
    0x080053a2   0x080053a2   0x00000002   PAD
    0x080053a4   0x080053a4   0x0000030c   Code   RO          391    i.Trivia_Task       ax_robot.o
    0x080056b0   0x080056b0   0x000000f0   Code   RO         1036    i.UART4_IRQHandler  ax_uart4.o
    0x080057a0   0x080057a0   0x000000e4   Code   RO         1810    i.UART5_IRQHandler  ax_sbus.o
    0x08005884   0x08005884   0x000000cc   Code   RO          901    i.USART1_IRQHandler  ax_uart1.o
    0x08005950   0x08005950   0x000001b4   Code   RO          957    i.USART2_IRQHandler  ax_uart2.o
    0x08005b04   0x08005b04   0x000001b4   Code   RO          996    i.USART3_IRQHandler  ax_uart3.o
    0x08005cb8   0x08005cb8   0x00000012   Code   RO         7121    i.USART_ClearFlag   stm32f4xx_usart.o
    0x08005cca   0x08005cca   0x00000018   Code   RO         7125    i.USART_Cmd         stm32f4xx_usart.o
    0x08005ce2   0x08005ce2   0x0000001a   Code   RO         7128    i.USART_GetFlagStatus  stm32f4xx_usart.o
    0x08005cfc   0x08005cfc   0x00000054   Code   RO         7129    i.USART_GetITStatus  stm32f4xx_usart.o
    0x08005d50   0x08005d50   0x0000004a   Code   RO         7131    i.USART_ITConfig    stm32f4xx_usart.o
    0x08005d9a   0x08005d9a   0x00000002   PAD
    0x08005d9c   0x08005d9c   0x000000d4   Code   RO         7132    i.USART_Init        stm32f4xx_usart.o
    0x08005e70   0x08005e70   0x0000000a   Code   RO         7139    i.USART_ReceiveData  stm32f4xx_usart.o
    0x08005e7a   0x08005e7a   0x00000008   Code   RO         7142    i.USART_SendData    stm32f4xx_usart.o
    0x08005e82   0x08005e82   0x00000004   Code   RO          280    i.UsageFault_Handler  stm32f4xx_it.o
    0x08005e86   0x08005e86   0x00000002   PAD
    0x08005e88   0x08005e88   0x00000020   Code   RO         8605    i.__0printf         mc_w.l(printfa.o)
    0x08005ea8   0x08005ea8   0x00000030   Code   RO         8671    i.__ARM_fpclassify  m_wm.l(fpclassify.o)
    0x08005ed8   0x08005ed8   0x00000360   Code   RO         8319    i.__hardfp_asin     m_wm.l(asin.o)
    0x08006238   0x08006238   0x000002d8   Code   RO         8333    i.__hardfp_atan     m_wm.l(atan.o)
    0x08006510   0x08006510   0x000001f0   Code   RO         8347    i.__hardfp_atan2    m_wm.l(atan2.o)
    0x08006700   0x08006700   0x000000f8   Code   RO         8673    i.__kernel_poly     m_wm.l(poly.o)
    0x080067f8   0x080067f8   0x00000014   Code   RO         8652    i.__mathlib_dbl_infnan  m_wm.l(dunder.o)
    0x0800680c   0x0800680c   0x00000014   Code   RO         8653    i.__mathlib_dbl_infnan2  m_wm.l(dunder.o)
    0x08006820   0x08006820   0x00000020   Code   RO         8654    i.__mathlib_dbl_invalid  m_wm.l(dunder.o)
    0x08006840   0x08006840   0x00000020   Code   RO         8657    i.__mathlib_dbl_underflow  m_wm.l(dunder.o)
    0x08006860   0x08006860   0x0000000e   Code   RO         8739    i.__scatterload_copy  mc_w.l(handlers.o)
    0x0800686e   0x0800686e   0x00000002   Code   RO         8740    i.__scatterload_null  mc_w.l(handlers.o)
    0x08006870   0x08006870   0x0000000e   Code   RO         8741    i.__scatterload_zeroinit  mc_w.l(handlers.o)
    0x0800687e   0x0800687e   0x00000002   PAD
    0x08006880   0x08006880   0x0000000c   Code   RO         8715    i.__set_errno       mc_w.l(errno.o)
    0x0800688c   0x0800688c   0x00000184   Code   RO         8612    i._fp_digits        mc_w.l(printfa.o)
    0x08006a10   0x08006a10   0x000006dc   Code   RO         8613    i._printf_core      mc_w.l(printfa.o)
    0x080070ec   0x080070ec   0x00000024   Code   RO         8614    i._printf_post_padding  mc_w.l(printfa.o)
    0x08007110   0x08007110   0x0000002e   Code   RO         8615    i._printf_pre_padding  mc_w.l(printfa.o)
    0x0800713e   0x0800713e   0x00000002   PAD
    0x08007140   0x08007140   0x000000c0   Code   RO         1886    i.accel_self_test   inv_mpu.o
    0x08007200   0x08007200   0x00000010   Code   RO         8335    i.atan              m_wm.l(atan.o)
    0x08007210   0x08007210   0x00000064   Code   RO         2186    i.decode_gesture    inv_mpu_dmp_motion_driver.o
    0x08007274   0x08007274   0x0000003c   Code   RO         2187    i.dmp_enable_6x_lp_quat  inv_mpu_dmp_motion_driver.o
    0x080072b0   0x080072b0   0x0000021c   Code   RO         2188    i.dmp_enable_feature  inv_mpu_dmp_motion_driver.o
    0x080074cc   0x080074cc   0x00000058   Code   RO         2189    i.dmp_enable_gyro_cal  inv_mpu_dmp_motion_driver.o
    0x08007524   0x08007524   0x0000003c   Code   RO         2190    i.dmp_enable_lp_quat  inv_mpu_dmp_motion_driver.o
    0x08007560   0x08007560   0x00000018   Code   RO         2195    i.dmp_load_motion_driver_firmware  inv_mpu_dmp_motion_driver.o
    0x08007578   0x08007578   0x000001cc   Code   RO         2196    i.dmp_read_fifo     inv_mpu_dmp_motion_driver.o
    0x08007744   0x08007744   0x00000130   Code   RO         2199    i.dmp_set_accel_bias  inv_mpu_dmp_motion_driver.o
    0x08007874   0x08007874   0x00000070   Code   RO         2200    i.dmp_set_fifo_rate  inv_mpu_dmp_motion_driver.o
    0x080078e4   0x080078e4   0x00000130   Code   RO         2201    i.dmp_set_gyro_bias  inv_mpu_dmp_motion_driver.o
    0x08007a14   0x08007a14   0x00000138   Code   RO         2203    i.dmp_set_orientation  inv_mpu_dmp_motion_driver.o
    0x08007b4c   0x08007b4c   0x00000038   Code   RO         2206    i.dmp_set_shake_reject_thresh  inv_mpu_dmp_motion_driver.o
    0x08007b84   0x08007b84   0x00000026   Code   RO         2207    i.dmp_set_shake_reject_time  inv_mpu_dmp_motion_driver.o
    0x08007baa   0x08007baa   0x00000026   Code   RO         2208    i.dmp_set_shake_reject_timeout  inv_mpu_dmp_motion_driver.o
    0x08007bd0   0x08007bd0   0x00000046   Code   RO         2209    i.dmp_set_tap_axes  inv_mpu_dmp_motion_driver.o
    0x08007c16   0x08007c16   0x00000026   Code   RO         2210    i.dmp_set_tap_count  inv_mpu_dmp_motion_driver.o
    0x08007c3c   0x08007c3c   0x000001c0   Code   RO         2211    i.dmp_set_tap_thresh  inv_mpu_dmp_motion_driver.o
    0x08007dfc   0x08007dfc   0x00000026   Code   RO         2212    i.dmp_set_tap_time  inv_mpu_dmp_motion_driver.o
    0x08007e22   0x08007e22   0x00000026   Code   RO         2213    i.dmp_set_tap_time_multi  inv_mpu_dmp_motion_driver.o
    0x08007e48   0x08007e48   0x00000018   Code   RO         8667    i.fabs              m_wm.l(fabs.o)
    0x08007e60   0x08007e60   0x00000024   Code   RO          903    i.fputc             ax_uart1.o
    0x08007e84   0x08007e84   0x000000d0   Code   RO         1887    i.get_accel_prod_shift  inv_mpu.o
    0x08007f54   0x08007f54   0x00000470   Code   RO         1888    i.get_st_biases     inv_mpu.o
    0x080083c4   0x080083c4   0x0000011c   Code   RO         1889    i.gyro_self_test    inv_mpu.o
    0x080084e0   0x080084e0   0x00000028   Code   RO         1101    i.inv_orientation_matrix_to_scalar  ax_mpu6050.o
    0x08008508   0x08008508   0x0000004e   Code   RO         1102    i.inv_row_2_scale   ax_mpu6050.o
    0x08008556   0x08008556   0x00000002   PAD
    0x08008558   0x08008558   0x00000108   Code   RO            5    i.main              main.o
    0x08008660   0x08008660   0x00000070   Code   RO         1890    i.mpu_configure_fifo  inv_mpu.o
    0x080086d0   0x080086d0   0x00000218   Code   RO         1103    i.mpu_dmp_get_data  ax_mpu6050.o
    0x080088e8   0x080088e8   0x0000004c   Code   RO         1891    i.mpu_get_accel_fsr  inv_mpu.o
    0x08008934   0x08008934   0x00000054   Code   RO         1893    i.mpu_get_accel_sens  inv_mpu.o
    0x08008988   0x08008988   0x00000010   Code   RO         1898    i.mpu_get_fifo_config  inv_mpu.o
    0x08008998   0x08008998   0x00000044   Code   RO         1899    i.mpu_get_gyro_fsr  inv_mpu.o
    0x080089dc   0x080089dc   0x00000060   Code   RO         1901    i.mpu_get_gyro_sens  inv_mpu.o
    0x08008a3c   0x08008a3c   0x00000050   Code   RO         1903    i.mpu_get_lpf       inv_mpu.o
    0x08008a8c   0x08008a8c   0x00000020   Code   RO         1905    i.mpu_get_sample_rate  inv_mpu.o
    0x08008aac   0x08008aac   0x00000190   Code   RO         1907    i.mpu_init          inv_mpu.o
    0x08008c3c   0x08008c3c   0x000000b8   Code   RO         1908    i.mpu_load_firmware  inv_mpu.o
    0x08008cf4   0x08008cf4   0x000000e0   Code   RO         1909    i.mpu_lp_accel_mode  inv_mpu.o
    0x08008dd4   0x08008dd4   0x000000c0   Code   RO         1912    i.mpu_read_fifo_stream  inv_mpu.o
    0x08008e94   0x08008e94   0x00000080   Code   RO         1913    i.mpu_read_mem      inv_mpu.o
    0x08008f14   0x08008f14   0x000001bc   Code   RO         1916    i.mpu_reset_fifo    inv_mpu.o
    0x080090d0   0x080090d0   0x0000011c   Code   RO         1917    i.mpu_run_self_test  inv_mpu.o
    0x080091ec   0x080091ec   0x00000084   Code   RO         1919    i.mpu_set_accel_fsr  inv_mpu.o
    0x08009270   0x08009270   0x0000014c   Code   RO         1920    i.mpu_set_bypass    inv_mpu.o
    0x080093bc   0x080093bc   0x00000090   Code   RO         1922    i.mpu_set_dmp_state  inv_mpu.o
    0x0800944c   0x0800944c   0x00000088   Code   RO         1923    i.mpu_set_gyro_fsr  inv_mpu.o
    0x080094d4   0x080094d4   0x0000006c   Code   RO         1924    i.mpu_set_int_latched  inv_mpu.o
    0x08009540   0x08009540   0x00000084   Code   RO         1926    i.mpu_set_lpf       inv_mpu.o
    0x080095c4   0x080095c4   0x0000009c   Code   RO         1927    i.mpu_set_sample_rate  inv_mpu.o
    0x08009660   0x08009660   0x000000d0   Code   RO         1928    i.mpu_set_sensors   inv_mpu.o
    0x08009730   0x08009730   0x00000080   Code   RO         1929    i.mpu_write_mem     inv_mpu.o
    0x080097b0   0x080097b0   0x00000002   Code   RO         1930    i.myget_ms          inv_mpu.o
    0x080097b2   0x080097b2   0x00000002   PAD
    0x080097b4   0x080097b4   0x00000098   Code   RO         7726    i.prvAddCurrentTaskToDelayedList  tasks.o
    0x0800984c   0x0800984c   0x000000b8   Code   RO         7727    i.prvAddNewTaskToReadyList  tasks.o
    0x08009904   0x08009904   0x00000064   Code   RO         8063    i.prvCheckForValidListAndQueue  timers.o
    0x08009968   0x08009968   0x00000064   Code   RO         7728    i.prvCheckTasksWaitingTermination  tasks.o
    0x080099cc   0x080099cc   0x0000002a   Code   RO         7528    i.prvCopyDataFromQueue  queue.o
    0x080099f6   0x080099f6   0x0000007c   Code   RO         7529    i.prvCopyDataToQueue  queue.o
    0x08009a72   0x08009a72   0x00000012   Code   RO         7729    i.prvDeleteTCB      tasks.o
    0x08009a84   0x08009a84   0x00000028   Code   RO         8064    i.prvGetNextExpireTime  timers.o
    0x08009aac   0x08009aac   0x0000007c   Code   RO         8193    i.prvHeapInit       heap_4.o
    0x08009b28   0x08009b28   0x00000028   Code   RO         7730    i.prvIdleTask       tasks.o
    0x08009b50   0x08009b50   0x0000002a   Code   RO         7531    i.prvInitialiseNewQueue  queue.o
    0x08009b7a   0x08009b7a   0x000000b4   Code   RO         7731    i.prvInitialiseNewTask  tasks.o
    0x08009c2e   0x08009c2e   0x00000002   PAD
    0x08009c30   0x08009c30   0x00000068   Code   RO         7732    i.prvInitialiseTaskLists  tasks.o
    0x08009c98   0x08009c98   0x00000068   Code   RO         8194    i.prvInsertBlockIntoFreeList  heap_4.o
    0x08009d00   0x08009d00   0x00000058   Code   RO         8066    i.prvInsertTimerInActiveList  timers.o
    0x08009d58   0x08009d58   0x0000001a   Code   RO         7532    i.prvIsQueueEmpty   queue.o
    0x08009d72   0x08009d72   0x0000001e   Code   RO         7533    i.prvIsQueueFull    queue.o
    0x08009d90   0x08009d90   0x00000064   Code   RO         8067    i.prvProcessExpiredTimer  timers.o
    0x08009df4   0x08009df4   0x000000f8   Code   RO         8068    i.prvProcessReceivedCommands  timers.o
    0x08009eec   0x08009eec   0x00000074   Code   RO         8069    i.prvProcessTimerOrBlockTask  timers.o
    0x08009f60   0x08009f60   0x00000034   Code   RO         7734    i.prvResetNextTaskUnblockTime  tasks.o
    0x08009f94   0x08009f94   0x0000002c   Code   RO         8070    i.prvSampleTimeNow  timers.o
    0x08009fc0   0x08009fc0   0x000000a0   Code   RO         8071    i.prvSwitchTimerLists  timers.o
    0x0800a060   0x0800a060   0x00000040   Code   RO         8243    i.prvTaskExitError  port.o
    0x0800a0a0   0x0800a0a0   0x00000058   Code   RO         7736    i.prvTaskIsTaskSuspended  tasks.o
    0x0800a0f8   0x0800a0f8   0x0000001a   Code   RO         8072    i.prvTimerTask      timers.o
    0x0800a112   0x0800a112   0x0000007e   Code   RO         7534    i.prvUnlockQueue    queue.o
    0x0800a190   0x0800a190   0x0000013c   Code   RO         8195    i.pvPortMalloc      heap_4.o
    0x0800a2cc   0x0800a2cc   0x00000020   Code   RO         7737    i.pvTaskIncrementMutexHeldCount  tasks.o
    0x0800a2ec   0x0800a2ec   0x0000002c   Code   RO         8244    i.pxPortInitialiseStack  port.o
    0x0800a318   0x0800a318   0x00000096   Code   RO         1104    i.run_self_test     ax_mpu6050.o
    0x0800a3ae   0x0800a3ae   0x00000002   PAD
    0x0800a3b0   0x0800a3b0   0x00000090   Code   RO         1931    i.set_int_enable    inv_mpu.o
    0x0800a440   0x0800a440   0x0000006e   Code   RO         8678    i.sqrt              m_wm.l(sqrt.o)
    0x0800a4ae   0x0800a4ae   0x00000028   Code   RO         7491    i.uxListRemove      list.o
    0x0800a4d6   0x0800a4d6   0x0000001a   Code   RO         7492    i.vListInitialise   list.o
    0x0800a4f0   0x0800a4f0   0x00000006   Code   RO         7493    i.vListInitialiseItem  list.o
    0x0800a4f6   0x0800a4f6   0x00000034   Code   RO         7494    i.vListInsert       list.o
    0x0800a52a   0x0800a52a   0x00000018   Code   RO         7495    i.vListInsertEnd    list.o
    0x0800a542   0x0800a542   0x00000002   PAD
    0x0800a544   0x0800a544   0x00000054   Code   RO         8246    i.vPortEnterCritical  port.o
    0x0800a598   0x0800a598   0x0000003c   Code   RO         8247    i.vPortExitCritical  port.o
    0x0800a5d4   0x0800a5d4   0x00000094   Code   RO         8196    i.vPortFree         heap_4.o
    0x0800a668   0x0800a668   0x00000020   Code   RO         8248    i.vPortSetupTimerInterrupt  port.o
    0x0800a688   0x0800a688   0x00000078   Code   RO         8249    i.vPortValidateInterruptPriority  port.o
    0x0800a700   0x0800a700   0x0000002c   Code   RO         7540    i.vQueueAddToRegistry  queue.o
    0x0800a72c   0x0800a72c   0x0000004a   Code   RO         7544    i.vQueueWaitForMessageRestricted  queue.o
    0x0800a776   0x0800a776   0x00000002   PAD
    0x0800a778   0x0800a778   0x0000005c   Code   RO         7745    i.vTaskDelay        tasks.o
    0x0800a7d4   0x0800a7d4   0x000000d4   Code   RO         7746    i.vTaskDelayUntil   tasks.o
    0x0800a8a8   0x0800a8a8   0x000000f4   Code   RO         7747    i.vTaskDelete       tasks.o
    0x0800a99c   0x0800a99c   0x0000000c   Code   RO         7750    i.vTaskMissedYield  tasks.o
    0x0800a9a8   0x0800a9a8   0x00000038   Code   RO         7752    i.vTaskPlaceOnEventList  tasks.o
    0x0800a9e0   0x0800a9e0   0x00000040   Code   RO         7753    i.vTaskPlaceOnEventListRestricted  tasks.o
    0x0800aa20   0x0800aa20   0x000000b0   Code   RO         7755    i.vTaskPriorityInherit  tasks.o
    0x0800aad0   0x0800aad0   0x00000090   Code   RO         7757    i.vTaskResume       tasks.o
    0x0800ab60   0x0800ab60   0x00000030   Code   RO         7759    i.vTaskSetTimeOutState  tasks.o
    0x0800ab90   0x0800ab90   0x00000094   Code   RO         7760    i.vTaskStartScheduler  tasks.o
    0x0800ac24   0x0800ac24   0x000000e4   Code   RO         7761    i.vTaskSuspend      tasks.o
    0x0800ad08   0x0800ad08   0x00000010   Code   RO         7762    i.vTaskSuspendAll   tasks.o
    0x0800ad18   0x0800ad18   0x0000008c   Code   RO         7763    i.vTaskSwitchContext  tasks.o
    0x0800ada4   0x0800ada4   0x0000013c   Code   RO         8250    i.xPortStartScheduler  port.o
    0x0800aee0   0x0800aee0   0x00000034   Code   RO         8251    i.xPortSysTickHandler  port.o
    0x0800af14   0x0800af14   0x00000058   Code   RO         7547    i.xQueueGenericCreate  queue.o
    0x0800af6c   0x0800af6c   0x000001c4   Code   RO         7548    i.xQueueGenericReceive  queue.o
    0x0800b130   0x0800b130   0x00000098   Code   RO         7549    i.xQueueGenericReset  queue.o
    0x0800b1c8   0x0800b1c8   0x000001a8   Code   RO         7550    i.xQueueGenericSend  queue.o
    0x0800b370   0x0800b370   0x000000f8   Code   RO         7551    i.xQueueGenericSendFromISR  queue.o
    0x0800b468   0x0800b468   0x0000008c   Code   RO         7764    i.xTaskCheckForTimeOut  tasks.o
    0x0800b4f4   0x0800b4f4   0x00000060   Code   RO         7765    i.xTaskCreate       tasks.o
    0x0800b554   0x0800b554   0x00000020   Code   RO         7769    i.xTaskGetSchedulerState  tasks.o
    0x0800b574   0x0800b574   0x0000000c   Code   RO         7770    i.xTaskGetTickCount  tasks.o
    0x0800b580   0x0800b580   0x00000148   Code   RO         7772    i.xTaskIncrementTick  tasks.o
    0x0800b6c8   0x0800b6c8   0x000000c8   Code   RO         7775    i.xTaskPriorityDisinherit  tasks.o
    0x0800b790   0x0800b790   0x00000098   Code   RO         7776    i.xTaskRemoveFromEventList  tasks.o
    0x0800b828   0x0800b828   0x00000104   Code   RO         7778    i.xTaskResumeAll    tasks.o
    0x0800b92c   0x0800b92c   0x00000058   Code   RO         8076    i.xTimerCreateTimerTask  timers.o
    0x0800b984   0x0800b984   0x00000084   Code   RO         8077    i.xTimerGenericCommand  timers.o
    0x0800ba08   0x0800ba08   0x00000400   Data   RO            6    .constdata          main.o
    0x0800be08   0x0800be08   0x00000048   Data   RO          537    .constdata          ax_light.o
    0x0800be50   0x0800be50   0x00000818   Data   RO         1708    .constdata          ax_oled.o
    0x0800c668   0x0800c668   0x00000050   Data   RO         1932    .constdata          inv_mpu.o
    0x0800c6b8   0x0800c6b8   0x00000bf6   Data   RO         2215    .constdata          inv_mpu_dmp_motion_driver.o
    0x0800d2ae   0x0800d2ae   0x00000002   PAD
    0x0800d2b0   0x0800d2b0   0x00000050   Data   RO         8322    .constdata          m_wm.l(asin.o)
    0x0800d300   0x0800d300   0x00000098   Data   RO         8336    .constdata          m_wm.l(atan.o)
    0x0800d398   0x0800d398   0x00000008   Data   RO         8675    .constdata          m_wm.l(qnan.o)
    0x0800d3a0   0x0800d3a0   0x00000020   Data   RO         8737    Region$$Table       anon$$obj.o


    Execution Region RW_IRAM1 (Exec base: 0x20000000, Load base: 0x0800d3c0, Size: 0x00013640, Max: 0x00020000, ABSOLUTE, COMPRESSED[0x00000050])

    Exec Addr    Load Addr    Size         Type   Attr      Idx    E Section Name        Object

    0x20000000   COMPRESSED   0x00000018   Data   RW            7    .data               main.o
    0x20000018   COMPRESSED   0x00000014   Data   RW          346    .data               system_stm32f4xx.o
    0x2000002c   COMPRESSED   0x00000070   Data   RW          393    .data               ax_robot.o
    0x2000009c   COMPRESSED   0x0000003c   Data   RW          473    .data               ax_speed.o
    0x200000d8   COMPRESSED   0x00000003   Data   RW          538    .data               ax_light.o
    0x200000db   COMPRESSED   0x00000001   PAD
    0x200000dc   COMPRESSED   0x00000008   Data   RW          628    .data               ax_control.o
    0x200000e4   COMPRESSED   0x00000001   Data   RW          689    .data               ax_delay.o
    0x200000e5   COMPRESSED   0x00000003   Data   RW          905    .data               ax_uart1.o
    0x200000e8   COMPRESSED   0x00000002   Data   RW          959    .data               ax_uart2.o
    0x200000ea   COMPRESSED   0x00000002   Data   RW          998    .data               ax_uart3.o
    0x200000ec   COMPRESSED   0x00000003   Data   RW         1038    .data               ax_uart4.o
    0x200000ef   COMPRESSED   0x00000001   PAD
    0x200000f0   COMPRESSED   0x00000035   Data   RW         1105    .data               ax_mpu6050.o
    0x20000125   COMPRESSED   0x00000001   PAD
    0x20000126   COMPRESSED   0x00000006   Data   RW         1812    .data               ax_sbus.o
    0x2000012c   COMPRESSED   0x0000002c   Data   RW         1933    .data               inv_mpu.o
    0x20000158   COMPRESSED   0x00000010   Data   RW         5228    .data               stm32f4xx_rcc.o
    0x20000168   COMPRESSED   0x0000003c   Data   RW         7781    .data               tasks.o
    0x200001a4   COMPRESSED   0x00000014   Data   RW         8083    .data               timers.o
    0x200001b8   COMPRESSED   0x00000018   Data   RW         8201    .data               heap_4.o
    0x200001d0   COMPRESSED   0x0000000c   Data   RW         8252    .data               port.o
    0x200001dc   COMPRESSED   0x00000004   Data   RW         8702    .data               mc_w.l(stdout.o)
    0x200001e0   COMPRESSED   0x00000004   Data   RW         8716    .data               mc_w.l(errno.o)
    0x200001e4   COMPRESSED   0x00000004   PAD
    0x200001e8        -       0x00000088   Zero   RW          392    .bss                ax_robot.o
    0x20000270        -       0x00000018   Zero   RW          536    .bss                ax_light.o
    0x20000288        -       0x00000020   Zero   RW          627    .bss                ax_control.o
    0x200002a8        -       0x00000050   Zero   RW          904    .bss                ax_uart1.o
    0x200002f8        -       0x00000050   Zero   RW          958    .bss                ax_uart2.o
    0x20000348        -       0x00000050   Zero   RW          997    .bss                ax_uart3.o
    0x20000398        -       0x00000050   Zero   RW         1037    .bss                ax_uart4.o
    0x200003e8        -       0x000000c2   Zero   RW         1525    .bss                ax_rgb.o
    0x200004aa   COMPRESSED   0x00000002   PAD
    0x200004ac        -       0x00000028   Zero   RW         1574    .bss                ax_can.o
    0x200004d4        -       0x00000028   Zero   RW         1811    .bss                ax_sbus.o
    0x200004fc        -       0x00000010   Zero   RW         2214    .bss                inv_mpu_dmp_motion_driver.o
    0x2000050c        -       0x00000040   Zero   RW         7559    .bss                queue.o
    0x2000054c        -       0x000000c8   Zero   RW         7780    .bss                tasks.o
    0x20000614        -       0x00000028   Zero   RW         8082    .bss                timers.o
    0x2000063c        -       0x00012c00   Zero   RW         8200    .bss                heap_4.o
    0x2001323c   COMPRESSED   0x00000004   PAD
    0x20013240        -       0x00000400   Zero   RW         7376    STACK               startup_stm32f40_41xxx.o


==============================================================================

Image component sizes


      Code (inc. data)   RO Data    RW Data    ZI Data      Debug   Object Name

        60          4          0          0          0        667   ax_beep.o
       340         28          0          0         40       1928   ax_can.o
       800         76          0          8         32       2394   ax_control.o
       170         16          0          1          0       2438   ax_delay.o
       718         80          0          0          0       6862   ax_eeprom.o
       790         46          0          0          0       5992   ax_encoder.o
        76         12          0          0          0       1304   ax_key.o
       504         60          0          0          0       1434   ax_kinematics.o
        80          4          0          0          0        678   ax_led.o
       928         56         72          3         24       5890   ax_light.o
       948         56          0          0          0       4878   ax_motor.o
      2162        124          0         53          0      19148   ax_mpu6050.o
      1484         44       2072          0          0      10939   ax_oled.o
       172         10          0          0          0        734   ax_ps2.o
       776         42          0          0        194       4886   ax_rgb.o
      1904        272          0        112        136      12204   ax_robot.o
       616         52          0          6         40       3294   ax_sbus.o
       488         52          0          0          0       3092   ax_servo.o
       360         66          0         60          0       4474   ax_speed.o
       420         36          0          3         80       3304   ax_uart1.o
       604         54          0          2         80       2684   ax_uart2.o
       608         56          0          2         80       2684   ax_uart3.o
       472         48          0          3         80       3442   ax_uart4.o
       256         30          0          0          0       1575   ax_vin.o
         0          0          0          0          0       9804   event_groups.o
       692         62          0         24      76800       5135   heap_4.o
      5862        222         80         44          0      31566   inv_mpu.o
      3128        138       3062          0         16      23482   inv_mpu_dmp_motion_driver.o
       148          0          0          0          0       4058   list.o
      1284        308       1024         24          0     357080   main.o
       180         24          0          0          0       2877   misc.o
       954         92          0         12          0      12893   port.o
      1872         22          0          0         64      15605   queue.o
        36          8        392          0       1024       1044   startup_stm32f40_41xxx.o
       374         24          0          0          0       7122   stm32f4xx_adc.o
       798          6          0          0          0       4689   stm32f4xx_can.o
       598         54          0          0          0       7206   stm32f4xx_dma.o
       250          0          0          0          0       5507   stm32f4xx_gpio.o
        36          0          0          0          0       4251   stm32f4xx_it.o
       392         48          0         16          0       7373   stm32f4xx_rcc.o
       154          0          0          0          0       6246   stm32f4xx_spi.o
      1872        120          0          0          0      24984   stm32f4xx_tim.o
       456          8          0          0          0       7823   stm32f4xx_usart.o
       340         32          0         20          0       2385   system_stm32f4xx.o
      3750        478          0         60        200      31182   tasks.o
      1142        118          0         20         40      19483   timers.o

    ----------------------------------------------------------------------
     40106       3088       6736        476      78936     698720   Object Totals
         0          0         32          0          0          0   (incl. Generated)
        52          0          2          3          6          0   (incl. Padding)

    ----------------------------------------------------------------------

      Code (inc. data)   RO Data    RW Data    ZI Data      Debug   Library Member Name

       864         94         80          0          0        280   asin.o
       744        106        152          0          0        352   atan.o
       496         64          0          0          0        192   atan2.o
       104         16          0          0          0        496   dunder.o
        24          0          0          0          0        124   fabs.o
        48          0          0          0          0        124   fpclassify.o
       248          0          0          0          0        152   poly.o
         0          0          8          0          0          0   qnan.o
       110          0          0          0          0        148   sqrt.o
        86          0          0          0          0          0   __dczerorl2.o
         0          0          0          0          0          0   entry.o
         0          0          0          0          0          0   entry10a.o
         0          0          0          0          0          0   entry11a.o
         8          4          0          0          0          0   entry2.o
         4          0          0          0          0          0   entry5.o
         0          0          0          0          0          0   entry7b.o
         0          0          0          0          0          0   entry8b.o
         8          4          0          0          0          0   entry9a.o
        12          6          0          4          0         68   errno.o
        30          0          0          0          0          0   handlers.o
        36          8          0          0          0         68   init.o
         0          0          0          0          0          0   iusefp.o
        98          0          0          0          0         84   ldiv.o
        30          0          0          0          0         68   llshl.o
        36          0          0          0          0         68   llsshr.o
        32          0          0          0          0         68   llushr.o
        26          0          0          0          0         80   memcmp.o
        36          0          0          0          0         68   memcpya.o
        36          0          0          0          0        108   memseta.o
      2258         90          0          0          0        452   printfa.o
         0          0          0          4          0          0   stdout.o
        44          0          0          0          0         80   uidiv.o
        98          0          0          0          0         92   uldiv.o
        48          0          0          0          0         68   cdrcmple.o
        56          0          0          0          0         88   d2f.o
       334          0          0          0          0        148   dadd.o
       222          0          0          0          0        100   ddiv.o
       186          0          0          0          0        176   depilogue.o
        62          0          0          0          0         80   dfixi.o
        50          0          0          0          0         76   dfixui.o
        48          0          0          0          0         68   dfixul.o
        34          0          0          0          0         76   dflti.o
        26          0          0          0          0         76   dfltui.o
       228          0          0          0          0         96   dmul.o
       162          0          0          0          0        100   dsqrt.o
        38          0          0          0          0         68   f2d.o
       110          0          0          0          0        168   fepilogue.o

    ----------------------------------------------------------------------
      7126        392        240          8          4       4560   Library Totals
         6          0          0          0          4          0   (incl. Padding)

    ----------------------------------------------------------------------

      Code (inc. data)   RO Data    RW Data    ZI Data      Debug   Library Name

      2638        280        240          0          0       1868   m_wm.l
      2878        112          0          8          0       1304   mc_w.l
      1604          0          0          0          0       1388   mf_w.l

    ----------------------------------------------------------------------
      7126        392        240          8          4       4560   Library Totals

    ----------------------------------------------------------------------

==============================================================================


      Code (inc. data)   RO Data    RW Data    ZI Data      Debug   

     47232       3480       6976        484      78940     669560   Grand Totals
     47232       3480       6976         80      78940     669560   ELF Image Totals (compressed)
     47232       3480       6976         80          0          0   ROM Totals

==============================================================================

    Total RO  Size (Code + RO Data)                54208 (  52.94kB)
    Total RW  Size (RW Data + ZI Data)             79424 (  77.56kB)
    Total ROM Size (Code + RO Data + RW Data)      54288 (  53.02kB)

==============================================================================

